Archive member included to satisfy reference by file (symbol)

build/bootloader@MK3239@NoRTOS@release/libraries/APP_bootloader.a(BootloaderEntrance.o)
                              build/bootloader@MK3239@NoRTOS@release/Modules/./platform/MCU/STM32F4xx/../../Cortex-M4/crt0_GCC.o (main)
build/bootloader@MK3239@NoRTOS@release/libraries/APP_bootloader.a(menu.o)
                              build/bootloader@MK3239@NoRTOS@release/libraries/APP_bootloader.a(BootloaderEntrance.o) (Main_Menu)
build/bootloader@MK3239@NoRTOS@release/libraries/APP_bootloader.a(Update_for_OTA.o)
                              build/bootloader@MK3239@NoRTOS@release/libraries/APP_bootloader.a(BootloaderEntrance.o) (update)
build/bootloader@MK3239@NoRTOS@release/libraries/APP_bootloader.a(ymodem.o)
                              build/bootloader@MK3239@NoRTOS@release/libraries/APP_bootloader.a(menu.o) (Ymodem_Receive)
build/bootloader@MK3239@NoRTOS@release/libraries/APP_bootloader.a(Getline.o)
                              build/bootloader@MK3239@NoRTOS@release/libraries/APP_bootloader.a(menu.o) (getline)
build/bootloader@MK3239@NoRTOS@release/libraries/Board_MiCOKit_3239.a(platform.o)
                              build/bootloader@MK3239@NoRTOS@release/Modules/./platform/MCU/STM32F4xx/platform_vector_table.o (USART6_IRQHandler)
build/bootloader@MK3239@NoRTOS@release/libraries/Lib_gpio_button_MK3239.a(button.o)
                              build/bootloader@MK3239@NoRTOS@release/libraries/Board_MiCOKit_3239.a(platform.o) (button_init)
build/bootloader@MK3239@NoRTOS@release/libraries/Lib_Utilities.a(StringUtils.o)
                              build/bootloader@MK3239@NoRTOS@release/libraries/APP_bootloader.a(menu.o) (Int2Str)
build/bootloader@MK3239@NoRTOS@release/libraries/Lib_Utilities.a(CheckSumUtils.o)
                              build/bootloader@MK3239@NoRTOS@release/libraries/APP_bootloader.a(Update_for_OTA.o) (CRC16_Init)
build/bootloader@MK3239@NoRTOS@release/libraries/STM32F4xx.a(mico_platform_common.o)
                              build/bootloader@MK3239@NoRTOS@release/libraries/Board_MiCOKit_3239.a(platform.o) (MicoGpioInitialize)
build/bootloader@MK3239@NoRTOS@release/libraries/STM32F4xx.a(platform_init.o)
                              build/bootloader@MK3239@NoRTOS@release/libraries/APP_bootloader.a(BootloaderEntrance.o) (startApplication)
build/bootloader@MK3239@NoRTOS@release/libraries/STM32F4xx.a(platform_unhandled_isr.o)
                              build/bootloader@MK3239@NoRTOS@release/Modules/./platform/MCU/STM32F4xx/platform_vector_table.o (FMPI2C1_ER_IRQHandler)
build/bootloader@MK3239@NoRTOS@release/libraries/STM32F4xx.a(platform_nsclock.o)
                              build/bootloader@MK3239@NoRTOS@release/libraries/STM32F4xx.a(mico_platform_common.o) (platform_get_nanosecond_clock_value)
build/bootloader@MK3239@NoRTOS@release/libraries/STM32F4xx.a(wlan_platform_common.o)
                              build/bootloader@MK3239@NoRTOS@release/libraries/STM32F4xx.a(platform_init.o) (host_platform_init)
build/bootloader@MK3239@NoRTOS@release/libraries/STM32F4xx.a(platform_core.o)
                              build/bootloader@MK3239@NoRTOS@release/libraries/STM32F4xx.a(platform_nsclock.o) (platform_get_cycle_count)
build/bootloader@MK3239@NoRTOS@release/libraries/Lib_dc_motor_MK3239.a(dc_motor.o)
                              build/bootloader@MK3239@NoRTOS@release/libraries/Board_MiCOKit_3239.a(platform.o) (dc_motor_init)
build/bootloader@MK3239@NoRTOS@release/libraries/Lib_RGB_P9813_MK3239.a(rgb_led.o)
                              build/bootloader@MK3239@NoRTOS@release/libraries/Board_MiCOKit_3239.a(platform.o) (rgb_led_init)
build/bootloader@MK3239@NoRTOS@release/libraries/STM32F4xx_Peripheral_Drivers.a(platform_adc.o)
                              build/bootloader@MK3239@NoRTOS@release/libraries/STM32F4xx.a(mico_platform_common.o) (platform_adc_init)
build/bootloader@MK3239@NoRTOS@release/libraries/STM32F4xx_Peripheral_Drivers.a(platform_rtc.o)
                              build/bootloader@MK3239@NoRTOS@release/libraries/STM32F4xx.a(mico_platform_common.o) (platform_rtc_get_time)
build/bootloader@MK3239@NoRTOS@release/libraries/STM32F4xx_Peripheral_Drivers.a(platform_gpio.o)
                              build/bootloader@MK3239@NoRTOS@release/libraries/STM32F4xx.a(mico_platform_common.o) (platform_gpio_deinit)
build/bootloader@MK3239@NoRTOS@release/libraries/STM32F4xx_Peripheral_Drivers.a(platform_i2c.o)
                              build/bootloader@MK3239@NoRTOS@release/libraries/STM32F4xx.a(mico_platform_common.o) (platform_i2c_init)
build/bootloader@MK3239@NoRTOS@release/libraries/STM32F4xx_Peripheral_Drivers.a(platform_rng.o)
                              build/bootloader@MK3239@NoRTOS@release/libraries/STM32F4xx.a(mico_platform_common.o) (platform_random_number_read)
[...]
Memory Configuration

Name             Origin             Length             Attributes
BL_FLASH         0x08000000         0x00008000         xr
APP_FLASH        0x08008000         0x000f8000         xr
SRAM             0x20000000         0x00040000         xrw
*default*        0x00000000         0xffffffff

Linker script and memory map

                0x08000034                Reset_Handler = _start

.ramcode_copy   0x08000000      0x200
 *(*.interrupt_vector_table_copy_ramcode)
 .data.interrupt_vector_table_copy_ramcode
                0x08000000       0x34 build/bootloader@MK3239@NoRTOS@release/Modules/./platform/MCU/STM32F4xx/platform_vector_table.o
                0x08000000                interrupt_vector_table_copy_ramcode
 *(.copy_ramcode)
 .copy_ramcode  0x08000034       0x38 build/bootloader@MK3239@NoRTOS@release/Modules/./platform/MCU/STM32F4xx/../../Cortex-M4/crt0_GCC.o
                0x08000034                _start
                0x08000200                . = ALIGN (0x200)
 *fill*         0x0800006c      0x194 

.text           0x20000000     0x5f80 load address 0x08000200
                0x08000200                link_run_from_ram_code_flash_location = LOADADDR (.text)
                0x20000000                link_run_from_ram_code_ram_location = .
                0x20000000                link_interrupt_vectors_location = .
 *(*.interrupt_vector_table)
 .data.interrupt_vector_table
                0x20000000      0x1c4 build/bootloader@MK3239@NoRTOS@release/Modules/./platform/MCU/STM32F4xx/platform_vector_table.o
                0x20000000                interrupt_vector_table
 *(.stub_section)
                0x200001c4                . = ALIGN (0x4)
                0x200001c4                link_code_location = .
 *(.text.irq)
 .text.irq      0x200001c4      0x108 build/bootloader@MK3239@NoRTOS@release/libraries/Board_MiCOKit_3239.a(platform.o)
                0x200001c4                USART6_IRQHandler
                0x200001e0                USART1_IRQHandler
                0x200001fc                USART2_IRQHandler
                0x2000021c                DMA2_Stream6_IRQHandler
                0x20000238                DMA2_Stream7_IRQHandler
                0x20000254                DMA1_Stream6_IRQHandler
                0x20000274                DMA2_Stream1_IRQHandler
                0x20000290                DMA2_Stream2_IRQHandler
                0x200002ac                DMA1_Stream5_IRQHandler
 .text.irq      0x200002cc       0x14 build/bootloader@MK3239@NoRTOS@release/libraries/STM32F4xx.a(platform_unhandled_isr.o)
                0x200002cc                RTC_Alarm_IRQHandler
                0x200002cc                HASH_RNG_IRQHandler
                0x200002cc                TIM8_CC_IRQHandler
                0x200002cc                DebugMon_Handler
                0x200002cc                FMPI2C1_EV_IRQHandler
                0x200002cc                SPI4_IRQHandler
                0x200002cc                TIM1_CC_IRQHandler
                0x200002cc                DMA2_Stream5_IRQHandler
                0x200002cc                HardFault_Handler
                0x200002cc                PVD_IRQHandler
                0x200002cc                SDIO_IRQHandler
                0x200002cc                TAMP_STAMP_IRQHandler
                0x200002cc                PendSV_Handler
                0x200002cc                NMI_Handler
                0x200002cc                CAN2_RX1_IRQHandler
                0x200002cc                TIM8_TRG_COM_TIM14_IRQHandler
                0x200002cc                TIM1_UP_TIM10_IRQHandler
                0x200002cc                TIM8_UP_TIM13_IRQHandler
                0x200002cc                I2C3_ER_IRQHandler
                0x200002cc                I2C2_EV_IRQHandler
                0x200002cc                DMA1_Stream2_IRQHandler
                0x200002cc                CAN1_RX0_IRQHandler
                0x200002cc                FPU_IRQHandler
                0x200002cc                OTG_HS_WKUP_IRQHandler
                0x200002cc                UsageFault_Handler
                0x200002cc                CAN2_SCE_IRQHandler
                0x200002cc                SPI1_IRQHandler
                0x200002cc                TIM6_DAC_IRQHandler
                0x200002cc                TIM1_BRK_TIM9_IRQHandler
                0x200002cc                DCMI_IRQHandler
                0x200002cc                CAN2_RX0_IRQHandler
                0x200002cc                UnhandledInterrupt
                0x200002cc                DMA2_Stream3_IRQHandler
                0x200002cc                USART3_IRQHandler
                0x200002cc                CRYP_IRQHandler
                0x200002cc                CAN1_RX1_IRQHandler
                0x200002cc                UART5_IRQHandler
                0x200002cc                DMA2_Stream0_IRQHandler
                0x200002cc                TIM4_IRQHandler
                0x200002cc                QUADSPI_IRQHandler
                0x200002cc                I2C1_EV_IRQHandler
                0x200002cc                DMA1_Stream1_IRQHandler
                0x200002cc                UART4_IRQHandler
                0x200002cc                TIM3_IRQHandler
                0x200002cc                RCC_IRQHandler
                0x200002cc                TIM8_BRK_TIM12_IRQHandler
                0x200002cc                ADC_IRQHandler
                0x200002cc                DMA1_Stream7_IRQHandler
                0x200002cc                SPI5_IRQHandler
                0x200002cc                TIM7_IRQHandler
                0x200002cc                CAN2_TX_IRQHandler
                0x200002cc                I2C3_EV_IRQHandler
                0x200002cc                ETH_WKUP_IRQHandler
                0x200002cc                SPI2_IRQHandler
                0x200002cc                OTG_HS_EP1_IN_IRQHandler
                0x200002cc                MemManage_Handler
                0x200002cc                DMA1_Stream0_IRQHandler
                0x200002cc                CAN1_TX_IRQHandler
                0x200002cc                SVC_Handler
                0x200002cc                FMPI2C1_ER_IRQHandler
                0x200002cc                FSMC_IRQHandler
                0x200002cc                ETH_IRQHandler
                0x200002cc                OTG_HS_EP1_OUT_IRQHandler
                0x200002cc                WWDG_IRQHandler
                0x200002cc                TIM2_IRQHandler
                0x200002cc                OTG_FS_WKUP_IRQHandler
                0x200002cc                TIM1_TRG_COM_TIM11_IRQHandler
                0x200002cc                OTG_HS_IRQHandler
                0x200002cc                I2C2_ER_IRQHandler
                0x200002cc                CAN1_SCE_IRQHandler
                0x200002cc                FLASH_IRQHandler
                0x200002cc                DMA2_Stream4_IRQHandler
                0x200002cc                BusFault_Handler
                0x200002cc                OTG_FS_IRQHandler
                0x200002cc                SPI3_IRQHandler
                0x200002cc                DMA1_Stream4_IRQHandler
                0x200002cc                I2C1_ER_IRQHandler
                0x200002cc                FMC_IRQHandler
                0x200002cc                DMA1_Stream3_IRQHandler
 .text.irq      0x200002e0      0x144 build/bootloader@MK3239@NoRTOS@release/libraries/STM32F4xx_Peripheral_Drivers.a(platform_gpio.o)
                0x200002e0                gpio_irq
                0x20000388                EXTI15_10_IRQHandler
                0x2000039e                EXTI9_5_IRQHandler
                0x200003b4                EXTI4_IRQHandler
                0x200003ca                EXTI3_IRQHandler
                0x200003e0                EXTI2_IRQHandler
                0x200003f6                EXTI1_IRQHandler
                0x2000040c                EXTI0_IRQHandler
 .text.irq      0x20000424       0x1a build/bootloader@MK3239@NoRTOS@release/libraries/STM32F4xx_Peripheral_Drivers.a(platform_mcu_powersave.o)
                0x20000424                RTC_WKUP_irq
 *(.text .text.* .gnu.linkonce.t.*)
 *fill*         0x2000043e        0x2 
 .text._start_init
                0x20000440       0x9c build/bootloader@MK3239@NoRTOS@release/Modules/./platform/MCU/STM32F4xx/../../Cortex-M4/crt0_GCC.o
                0x20000440                _start_init
 .text._sbrk    0x200004dc       0x2c build/bootloader@MK3239@NoRTOS@release/Modules/platform/GCC/mem_newlib.o
                0x200004dc                _sbrk
 .text._close   0x20000508        0x6 build/bootloader@MK3239@NoRTOS@release/Modules/platform/GCC/stdio_newlib.o
                0x20000508                _close
 .text._fstat   0x2000050e        0xa build/bootloader@MK3239@NoRTOS@release/Modules/platform/GCC/stdio_newlib.o
                0x2000050e                _fstat
 .text._isatty  0x20000518       0x16 build/bootloader@MK3239@NoRTOS@release/Modules/platform/GCC/stdio_newlib.o
                0x20000518                _isatty
 .text._lseek   0x2000052e        0x4 build/bootloader@MK3239@NoRTOS@release/Modules/platform/GCC/stdio_newlib.o
                0x2000052e                _lseek
 .text._read    0x20000532       0x22 build/bootloader@MK3239@NoRTOS@release/Modules/platform/GCC/stdio_newlib.o
                0x20000532                _read
 .text._write   0x20000554       0x22 build/bootloader@MK3239@NoRTOS@release/Modules/platform/GCC/stdio_newlib.o
                0x20000554                _write
 .text.enable_protection
                0x20000576       0x2e build/bootloader@MK3239@NoRTOS@release/libraries/APP_bootloader.a(BootloaderEntrance.o)
 .text.MicoShouldEnterATEMode
                0x200005a4        0x4 build/bootloader@MK3239@NoRTOS@release/libraries/APP_bootloader.a(BootloaderEntrance.o)
                0x200005a4                MicoShouldEnterATEMode
 .text.bootloader_start_app
                0x200005a8       0x12 build/bootloader@MK3239@NoRTOS@release/libraries/APP_bootloader.a(BootloaderEntrance.o)
                0x200005a8                bootloader_start_app
 *fill*         0x200005ba        0x2 
 .text.startup.main
                0x200005bc       0x6c build/bootloader@MK3239@NoRTOS@release/libraries/APP_bootloader.a(BootloaderEntrance.o)
                0x200005bc                main
 .text.findCommandPara
                0x20000628       0xac build/bootloader@MK3239@NoRTOS@release/libraries/APP_bootloader.a(menu.o)
                0x20000628                findCommandPara
 .text.SerialDownload
                0x200006d4       0x98 build/bootloader@MK3239@NoRTOS@release/libraries/APP_bootloader.a(menu.o)
                0x200006d4                SerialDownload
 .text.SerialUpload
                0x2000076c       0x50 build/bootloader@MK3239@NoRTOS@release/libraries/APP_bootloader.a(menu.o)
                0x2000076c                SerialUpload
 .text.Main_Menu
                0x200007bc      0x578 build/bootloader@MK3239@NoRTOS@release/libraries/APP_bootloader.a(menu.o)
                0x200007bc                Main_Menu
 .text.updateLogCheck
                0x20000d34       0xd4 build/bootloader@MK3239@NoRTOS@release/libraries/APP_bootloader.a(Update_for_OTA.o)
                0x20000d34                updateLogCheck
 .text.update   0x20000e08      0x1f0 build/bootloader@MK3239@NoRTOS@release/libraries/APP_bootloader.a(Update_for_OTA.o)
                0x20000e08                update
 .text.Receive_Byte
                0x20000ff8       0x18 build/bootloader@MK3239@NoRTOS@release/libraries/APP_bootloader.a(ymodem.o)
 .text.Send_Byte
                0x20001010       0x18 build/bootloader@MK3239@NoRTOS@release/libraries/APP_bootloader.a(ymodem.o)
 .text.Ymodem_Receive
                0x20001028      0x1f8 build/bootloader@MK3239@NoRTOS@release/libraries/APP_bootloader.a(ymodem.o)
                0x20001028                Ymodem_Receive
 .text.Ymodem_PrepareIntialPacket
                0x20001220       0x6c build/bootloader@MK3239@NoRTOS@release/libraries/APP_bootloader.a(ymodem.o)
                0x20001220                Ymodem_PrepareIntialPacket
 .text.Ymodem_PreparePacket
                0x2000128c       0x60 build/bootloader@MK3239@NoRTOS@release/libraries/APP_bootloader.a(ymodem.o)
                0x2000128c                Ymodem_PreparePacket
 .text.Cal_CRC16
                0x200012ec       0x28 build/bootloader@MK3239@NoRTOS@release/libraries/APP_bootloader.a(ymodem.o)
                0x200012ec                Cal_CRC16
 .text.Ymodem_SendPacket
                0x20001314       0x18 build/bootloader@MK3239@NoRTOS@release/libraries/APP_bootloader.a(ymodem.o)
                0x20001314                Ymodem_SendPacket
 .text.Ymodem_Transmit
                0x2000132c      0x1c0 build/bootloader@MK3239@NoRTOS@release/libraries/APP_bootloader.a(ymodem.o)
                0x2000132c                Ymodem_Transmit
 .text.uart_putchar
                0x200014ec       0x16 build/bootloader@MK3239@NoRTOS@release/libraries/APP_bootloader.a(Getline.o)
 .text.getline  0x20001502       0x78 build/bootloader@MK3239@NoRTOS@release/libraries/APP_bootloader.a(Getline.o)
                0x20001502                getline
 *fill*         0x2000157a        0x2 
 .text.platform_init_peripheral_irq_priorities
                0x2000157c       0x54 build/bootloader@MK3239@NoRTOS@release/libraries/Board_MiCOKit_3239.a(platform.o)
                0x2000157c                platform_init_peripheral_irq_priorities
 .text.init_platform
                0x200015d0       0x74 build/bootloader@MK3239@NoRTOS@release/libraries/Board_MiCOKit_3239.a(platform.o)
                0x200015d0                init_platform
 .text.init_platform_bootloader
                0x20001644       0x4a build/bootloader@MK3239@NoRTOS@release/libraries/Board_MiCOKit_3239.a(platform.o)
                0x20001644                init_platform_bootloader
 .text.MicoShouldEnterMFGMode
                0x2000168e       0x1c build/bootloader@MK3239@NoRTOS@release/libraries/Board_MiCOKit_3239.a(platform.o)
                0x2000168e                MicoShouldEnterMFGMode
 .text.MicoShouldEnterBootloader
                0x200016aa       0x18 build/bootloader@MK3239@NoRTOS@release/libraries/Board_MiCOKit_3239.a(platform.o)
                0x200016aa                MicoShouldEnterBootloader
 .text.button_timeout_handler
                0x200016c2        0xc build/bootloader@MK3239@NoRTOS@release/libraries/Lib_gpio_button_MK3239.a(button.o)
 *fill*         0x200016ce        0x2 
 .text.button_irq_handler
                0x200016d0       0x68 build/bootloader@MK3239@NoRTOS@release/libraries/Lib_gpio_button_MK3239.a(button.o)
 .text.button_init
                0x20001738       0x70 build/bootloader@MK3239@NoRTOS@release/libraries/Lib_gpio_button_MK3239.a(button.o)
                0x20001738                button_init
 .text.Int2Str  0x200017a8       0x3c build/bootloader@MK3239@NoRTOS@release/libraries/Lib_Utilities.a(StringUtils.o)
                0x200017a8                Int2Str
 .text.Str2Int  0x200017e4       0xa6 build/bootloader@MK3239@NoRTOS@release/libraries/Lib_Utilities.a(StringUtils.o)
                0x200017e4                Str2Int
 .text.UpdateCRC16
                0x2000188a       0x22 build/bootloader@MK3239@NoRTOS@release/libraries/Lib_Utilities.a(CheckSumUtils.o)
                0x2000188a                UpdateCRC16
 .text.CRC16_Init
                0x200018ac        0x6 build/bootloader@MK3239@NoRTOS@release/libraries/Lib_Utilities.a(CheckSumUtils.o)
                0x200018ac                CRC16_Init
 .text.CRC16_Update
                0x200018b2       0x1c build/bootloader@MK3239@NoRTOS@release/libraries/Lib_Utilities.a(CheckSumUtils.o)
                0x200018b2                CRC16_Update
 .text.CRC16_Final
                0x200018ce       0x1a build/bootloader@MK3239@NoRTOS@release/libraries/Lib_Utilities.a(CheckSumUtils.o)
                0x200018ce                CRC16_Final
 .text.MicoFlashInitialize
                0x200018e8       0x80 build/bootloader@MK3239@NoRTOS@release/libraries/STM32F4xx.a(mico_platform_common.o)
 .text.MicoGpioInitialize
                0x20001968       0x1c build/bootloader@MK3239@NoRTOS@release/libraries/STM32F4xx.a(mico_platform_common.o)
                0x20001968                MicoGpioInitialize
 .text.MicoGpioOutputHigh
                0x20001984       0x1c build/bootloader@MK3239@NoRTOS@release/libraries/STM32F4xx.a(mico_platform_common.o)
                0x20001984                MicoGpioOutputHigh
 .text.MicoGpioOutputLow
                0x200019a0       0x1c build/bootloader@MK3239@NoRTOS@release/libraries/STM32F4xx.a(mico_platform_common.o)
                0x200019a0                MicoGpioOutputLow
 .text.mico_gpio_input_get
                0x200019bc       0x18 build/bootloader@MK3239@NoRTOS@release/libraries/STM32F4xx.a(mico_platform_common.o)
                0x200019bc                mico_gpio_input_get
 .text.MicoGpioEnableIRQ
                0x200019d4       0x20 build/bootloader@MK3239@NoRTOS@release/libraries/STM32F4xx.a(mico_platform_common.o)
                0x200019d4                MicoGpioEnableIRQ
 .text.MicoUartSend
                0x200019f4       0x24 build/bootloader@MK3239@NoRTOS@release/libraries/STM32F4xx.a(mico_platform_common.o)
                0x200019f4                MicoUartSend
 .text.MicoUartRecv
                0x20001a18       0x24 build/bootloader@MK3239@NoRTOS@release/libraries/STM32F4xx.a(mico_platform_common.o)
                0x20001a18                MicoUartRecv
 .text.MicoSystemReboot
                0x20001a3c        0x4 build/bootloader@MK3239@NoRTOS@release/libraries/STM32F4xx.a(mico_platform_common.o)
                0x20001a3c                MicoSystemReboot
 .text.MicoFlashGetInfo
                0x20001a40       0x18 build/bootloader@MK3239@NoRTOS@release/libraries/STM32F4xx.a(mico_platform_common.o)
                0x20001a40                MicoFlashGetInfo
 .text.MicoFlashErase
                0x20001a58       0x94 build/bootloader@MK3239@NoRTOS@release/libraries/STM32F4xx.a(mico_platform_common.o)
                0x20001a58                MicoFlashErase
 .text.MicoFlashWrite
                0x20001aec       0xac build/bootloader@MK3239@NoRTOS@release/libraries/STM32F4xx.a(mico_platform_common.o)
                0x20001aec                MicoFlashWrite
 .text.MicoFlashRead
                0x20001b98       0xac build/bootloader@MK3239@NoRTOS@release/libraries/STM32F4xx.a(mico_platform_common.o)
                0x20001b98                MicoFlashRead
 .text.MicoFlashEnableSecurity
                0x20001c44       0x94 build/bootloader@MK3239@NoRTOS@release/libraries/STM32F4xx.a(mico_platform_common.o)
                0x20001c44                MicoFlashEnableSecurity
 .text.MicoFlashDisableSecurity
                0x20001cd8       0x94 build/bootloader@MK3239@NoRTOS@release/libraries/STM32F4xx.a(mico_platform_common.o)
                0x20001cd8                MicoFlashDisableSecurity
 .text.mico_set_bootload_ver
                0x20001d6c       0x78 build/bootloader@MK3239@NoRTOS@release/libraries/STM32F4xx.a(mico_platform_common.o)
                0x20001d6c                mico_set_bootload_ver
 .text.startApplication
                0x20001de4       0x58 build/bootloader@MK3239@NoRTOS@release/libraries/STM32F4xx.a(platform_init.o)
                0x20001de4                startApplication
 .text.platform_mcu_reset
                0x20001e3c       0x20 build/bootloader@MK3239@NoRTOS@release/libraries/STM32F4xx.a(platform_init.o)
                0x20001e3c                platform_mcu_reset
 .text.init_clocks
                0x20001e5c       0x9c build/bootloader@MK3239@NoRTOS@release/libraries/STM32F4xx.a(platform_init.o)
                0x20001e5c                init_clocks
 .text.init_memory
                0x20001ef8        0x2 build/bootloader@MK3239@NoRTOS@release/libraries/STM32F4xx.a(platform_init.o)
                0x20001ef8                init_memory
 *fill*         0x20001efa        0x2 
 .text.init_architecture
                0x20001efc       0x88 build/bootloader@MK3239@NoRTOS@release/libraries/STM32F4xx.a(platform_init.o)
                0x20001efc                init_architecture
 .text.SysTick_Handler
                0x20001f84       0x10 build/bootloader@MK3239@NoRTOS@release/libraries/STM32F4xx.a(platform_init.o)
                0x20001f84                SysTick_Handler
 .text.mico_get_time_no_os
                0x20001f94        0xc build/bootloader@MK3239@NoRTOS@release/libraries/STM32F4xx.a(platform_init.o)
                0x20001f94                mico_get_time_no_os
 .text.platform_reset_nanosecond_clock
                0x20001fa0       0x24 build/bootloader@MK3239@NoRTOS@release/libraries/STM32F4xx.a(platform_nsclock.o)
                0x20001fa0                platform_reset_nanosecond_clock
 .text.platform_init_nanosecond_clock
                0x20001fc4       0x54 build/bootloader@MK3239@NoRTOS@release/libraries/STM32F4xx.a(platform_nsclock.o)
                0x20001fc4                platform_init_nanosecond_clock
 .text.host_platform_deinit_wlan_powersave_clock
                0x20002018       0x1c build/bootloader@MK3239@NoRTOS@release/libraries/STM32F4xx.a(wlan_platform_common.o)
                0x20002018                host_platform_deinit_wlan_powersave_clock
 .text.host_platform_init
                0x20002034       0x20 build/bootloader@MK3239@NoRTOS@release/libraries/STM32F4xx.a(wlan_platform_common.o)
                0x20002034                host_platform_init
 .text.dc_motor_init
                0x20002054        0x8 build/bootloader@MK3239@NoRTOS@release/libraries/Lib_dc_motor_MK3239.a(dc_motor.o)
                0x20002054                dc_motor_init
 .text.dc_motor_set
                0x2000205c       0x16 build/bootloader@MK3239@NoRTOS@release/libraries/Lib_dc_motor_MK3239.a(dc_motor.o)
                0x2000205c                dc_motor_set
 .text.P9813_PIN_write_frame
                0x20002072       0x32 build/bootloader@MK3239@NoRTOS@release/libraries/Lib_RGB_P9813_MK3239.a(rgb_led.o)
 .text.rgb_led_init
                0x200020a4       0x16 build/bootloader@MK3239@NoRTOS@release/libraries/Lib_RGB_P9813_MK3239.a(rgb_led.o)
                0x200020a4                rgb_led_init
 .text.rgb_led_open
                0x200020ba       0x48 build/bootloader@MK3239@NoRTOS@release/libraries/Lib_RGB_P9813_MK3239.a(rgb_led.o)
                0x200020ba                rgb_led_open
 *fill*         0x20002102        0x2 
 .text.platform_gpio_output_high
                0x20002104       0x28 build/bootloader@MK3239@NoRTOS@release/libraries/STM32F4xx_Peripheral_Drivers.a(platform_gpio.o)
                0x20002104                platform_gpio_output_high
 .text.platform_gpio_output_low
                0x2000212c       0x28 build/bootloader@MK3239@NoRTOS@release/libraries/STM32F4xx_Peripheral_Drivers.a(platform_gpio.o)
                0x2000212c                platform_gpio_output_low
 .text.platform_gpio_input_get
                0x20002154       0x24 build/bootloader@MK3239@NoRTOS@release/libraries/STM32F4xx_Peripheral_Drivers.a(platform_gpio.o)
                0x20002154                platform_gpio_input_get
 .text.platform_gpio_irq_manager_init
                0x20002178       0x20 build/bootloader@MK3239@NoRTOS@release/libraries/STM32F4xx_Peripheral_Drivers.a(platform_gpio.o)
                0x20002178                platform_gpio_irq_manager_init
 .text.platform_gpio_get_port_number
                0x20002198       0x80 build/bootloader@MK3239@NoRTOS@release/libraries/STM32F4xx_Peripheral_Drivers.a(platform_gpio.o)
                0x20002198                platform_gpio_get_port_number
 .text.platform_gpio_init
                0x20002218       0x80 build/bootloader@MK3239@NoRTOS@release/libraries/STM32F4xx_Peripheral_Drivers.a(platform_gpio.o)
                0x20002218                platform_gpio_init
 .text.platform_gpio_irq_enable
                0x20002298       0xf8 build/bootloader@MK3239@NoRTOS@release/libraries/STM32F4xx_Peripheral_Drivers.a(platform_gpio.o)
                0x20002298                platform_gpio_irq_enable
 .text.platform_gpio_set_alternate_function
                0x20002390       0x68 build/bootloader@MK3239@NoRTOS@release/libraries/STM32F4xx_Peripheral_Drivers.a(platform_gpio.o)
                0x20002390                platform_gpio_set_alternate_function
 .text.platform_mcu_powersave_disable
                0x200023f8       0x2c build/bootloader@MK3239@NoRTOS@release/libraries/STM32F4xx_Peripheral_Drivers.a(platform_mcu_powersave.o)
                0x200023f8                platform_mcu_powersave_disable
 .text.platform_mcu_powersave_enable
                0x20002424       0x2c build/bootloader@MK3239@NoRTOS@release/libraries/STM32F4xx_Peripheral_Drivers.a(platform_mcu_powersave.o)
                0x20002424                platform_mcu_powersave_enable
 .text.internalFlashByteWrite
                0x20002450       0x58 build/bootloader@MK3239@NoRTOS@release/libraries/STM32F4xx_Peripheral_Drivers.a(platform_flash.o)
 .text.QSPI_WriteEnable
                0x200024a8       0x94 build/bootloader@MK3239@NoRTOS@release/libraries/STM32F4xx_Peripheral_Drivers.a(platform_flash.o)
 .text.QSPI_AutoPollingMemReady
                0x2000253c       0x60 build/bootloader@MK3239@NoRTOS@release/libraries/STM32F4xx_Peripheral_Drivers.a(platform_flash.o)
 .text._GetSector
                0x2000259c       0x9c build/bootloader@MK3239@NoRTOS@release/libraries/STM32F4xx_Peripheral_Drivers.a(platform_flash.o)
 .text.platform_flash_disable_protect
                0x20002638       0x30 build/bootloader@MK3239@NoRTOS@release/libraries/STM32F4xx_Peripheral_Drivers.a(platform_flash.o)
                0x20002638                platform_flash_disable_protect
 .text.platform_flash_enable_protect
                0x20002668        0x4 build/bootloader@MK3239@NoRTOS@release/libraries/STM32F4xx_Peripheral_Drivers.a(platform_flash.o)
                0x20002668                platform_flash_enable_protect
 .text.qsflash_read
                0x2000266c       0x6c build/bootloader@MK3239@NoRTOS@release/libraries/STM32F4xx_Peripheral_Drivers.a(platform_flash.o)
                0x2000266c                qsflash_read
 .text.platform_flash_read
                0x200026d8       0x60 build/bootloader@MK3239@NoRTOS@release/libraries/STM32F4xx_Peripheral_Drivers.a(platform_flash.o)
                0x200026d8                platform_flash_read
 .text.qsflash_write_page
                0x20002738       0x84 build/bootloader@MK3239@NoRTOS@release/libraries/STM32F4xx_Peripheral_Drivers.a(platform_flash.o)
                0x20002738                qsflash_write_page
 .text.qsflash_write
                0x200027bc       0xbe build/bootloader@MK3239@NoRTOS@release/libraries/STM32F4xx_Peripheral_Drivers.a(platform_flash.o)
                0x200027bc                qsflash_write
 *fill*         0x2000287a        0x2 
 .text.platform_flash_write
                0x2000287c       0xdc build/bootloader@MK3239@NoRTOS@release/libraries/STM32F4xx_Peripheral_Drivers.a(platform_flash.o)
                0x2000287c                platform_flash_write
 .text.qsflash_sector_erase
                0x20002958       0x5c build/bootloader@MK3239@NoRTOS@release/libraries/STM32F4xx_Peripheral_Drivers.a(platform_flash.o)
                0x20002958                qsflash_sector_erase
 .text.platform_flash_erase
                0x200029b4      0x16c build/bootloader@MK3239@NoRTOS@release/libraries/STM32F4xx_Peripheral_Drivers.a(platform_flash.o)
                0x200029b4                platform_flash_erase
 .text.qsflash_read_ID
                0x20002b20       0x60 build/bootloader@MK3239@NoRTOS@release/libraries/STM32F4xx_Peripheral_Drivers.a(platform_flash.o)
                0x20002b20                qsflash_read_ID
 .text.get_power
                0x20002b80        0xe build/bootloader@MK3239@NoRTOS@release/libraries/STM32F4xx_Peripheral_Drivers.a(platform_flash.o)
                0x20002b80                get_power
 *fill*         0x20002b8e        0x2 
 .text.init_qsflash
                0x20002b90      0x1b0 build/bootloader@MK3239@NoRTOS@release/libraries/STM32F4xx_Peripheral_Drivers.a(platform_flash.o)
                0x20002b90                init_qsflash
 .text.platform_flash_init
                0x20002d40       0x44 build/bootloader@MK3239@NoRTOS@release/libraries/STM32F4xx_Peripheral_Drivers.a(platform_flash.o)
                0x20002d40                platform_flash_init
 .text.clear_dma_interrupts
                0x20002d84       0x4c build/bootloader@MK3239@NoRTOS@release/libraries/STM32F4xx_Peripheral_Drivers.a(platform_uart.o)
 .text.receive_bytes
                0x20002dd0       0x7c build/bootloader@MK3239@NoRTOS@release/libraries/STM32F4xx_Peripheral_Drivers.a(platform_uart.o)
 .text.get_dma_irq_status
                0x20002e4c       0x34 build/bootloader@MK3239@NoRTOS@release/libraries/STM32F4xx_Peripheral_Drivers.a(platform_uart.o)
 .text.platform_uart_transmit_bytes
                0x20002e80       0xa8 build/bootloader@MK3239@NoRTOS@release/libraries/STM32F4xx_Peripheral_Drivers.a(platform_uart.o)
                0x20002e80                platform_uart_transmit_bytes
 .text.platform_uart_receive_bytes
                0x20002f28       0xbc build/bootloader@MK3239@NoRTOS@release/libraries/STM32F4xx_Peripheral_Drivers.a(platform_uart.o)
                0x20002f28                platform_uart_receive_bytes
 .text.platform_uart_get_port_number
                0x20002fe4       0x4c build/bootloader@MK3239@NoRTOS@release/libraries/STM32F4xx_Peripheral_Drivers.a(platform_uart.o)
                0x20002fe4                platform_uart_get_port_number
 .text.platform_uart_init
                0x20003030      0x2f0 build/bootloader@MK3239@NoRTOS@release/libraries/STM32F4xx_Peripheral_Drivers.a(platform_uart.o)
                0x20003030                platform_uart_init
 .text.platform_uart_irq
                0x20003320       0x38 build/bootloader@MK3239@NoRTOS@release/libraries/STM32F4xx_Peripheral_Drivers.a(platform_uart.o)
                0x20003320                platform_uart_irq
 .text.platform_uart_tx_dma_irq
                0x20003358       0x4c build/bootloader@MK3239@NoRTOS@release/libraries/STM32F4xx_Peripheral_Drivers.a(platform_uart.o)
                0x20003358                platform_uart_tx_dma_irq
 .text.platform_uart_rx_dma_irq
                0x200033a4       0x4c build/bootloader@MK3239@NoRTOS@release/libraries/STM32F4xx_Peripheral_Drivers.a(platform_uart.o)
                0x200033a4                platform_uart_rx_dma_irq
 .text.platform_watchdog_kick
                0x200033f0        0xa build/bootloader@MK3239@NoRTOS@release/libraries/STM32F4xx_Peripheral_Drivers.a(platform_watchdog.o)
                0x200033f0                platform_watchdog_kick
 *fill*         0x200033fa        0x2 
 .text.TIM5_IRQHandler
                0x200033fc       0x64 build/bootloader@MK3239@NoRTOS@release/libraries/STM32F4xx_Peripheral_Drivers.a(platform_watchdog.o)
                0x200033fc                TIM5_IRQHandler
 .text.NVIC_PriorityGroupConfig
                0x20003460       0x14 build/bootloader@MK3239@NoRTOS@release/libraries/STM32F4xx_Peripheral_Libraries.a(misc.o)
                0x20003460                NVIC_PriorityGroupConfig
 .text.SysTick_CLKSourceConfig
                0x20003474       0x18 build/bootloader@MK3239@NoRTOS@release/libraries/STM32F4xx_Peripheral_Libraries.a(misc.o)
                0x20003474                SysTick_CLKSourceConfig
 .text.DMA_DeInit
                0x2000348c      0x10c build/bootloader@MK3239@NoRTOS@release/libraries/STM32F4xx_Peripheral_Libraries.a(stm32f4xx_dma.o)
                0x2000348c                DMA_DeInit
 .text.DMA_Init
                0x20003598       0x54 build/bootloader@MK3239@NoRTOS@release/libraries/STM32F4xx_Peripheral_Libraries.a(stm32f4xx_dma.o)
                0x20003598                DMA_Init
 .text.DMA_ITConfig
                0x200035ec       0x3e build/bootloader@MK3239@NoRTOS@release/libraries/STM32F4xx_Peripheral_Libraries.a(stm32f4xx_dma.o)
                0x200035ec                DMA_ITConfig
 *fill*         0x2000362a        0x2 
 .text.EXTI_Init
                0x2000362c       0x74 build/bootloader@MK3239@NoRTOS@release/libraries/STM32F4xx_Peripheral_Libraries.a(stm32f4xx_exti.o)
                0x2000362c                EXTI_Init
 .text.EXTI_ClearITPendingBit
                0x200036a0        0xc build/bootloader@MK3239@NoRTOS@release/libraries/STM32F4xx_Peripheral_Libraries.a(stm32f4xx_exti.o)
                0x200036a0                EXTI_ClearITPendingBit
 .text.FLASH_SetLatency
                0x200036ac        0xc build/bootloader@MK3239@NoRTOS@release/libraries/STM32F4xx_Peripheral_Libraries.a(stm32f4xx_flash.o)
                0x200036ac                FLASH_SetLatency
 .text.FLASH_PrefetchBufferCmd
                0x200036b8       0x18 build/bootloader@MK3239@NoRTOS@release/libraries/STM32F4xx_Peripheral_Libraries.a(stm32f4xx_flash.o)
                0x200036b8                FLASH_PrefetchBufferCmd
 .text.FLASH_Unlock
                0x200036d0       0x1c build/bootloader@MK3239@NoRTOS@release/libraries/STM32F4xx_Peripheral_Libraries.a(stm32f4xx_flash.o)
                0x200036d0                FLASH_Unlock
 .text.FLASH_ClearFlag
                0x200036ec        0xc build/bootloader@MK3239@NoRTOS@release/libraries/STM32F4xx_Peripheral_Libraries.a(stm32f4xx_flash.o)
                0x200036ec                FLASH_ClearFlag
 .text.FLASH_GetStatus
                0x200036f8       0x40 build/bootloader@MK3239@NoRTOS@release/libraries/STM32F4xx_Peripheral_Libraries.a(stm32f4xx_flash.o)
                0x200036f8                FLASH_GetStatus
 .text.FLASH_WaitForLastOperation
                0x20003738       0x22 build/bootloader@MK3239@NoRTOS@release/libraries/STM32F4xx_Peripheral_Libraries.a(stm32f4xx_flash.o)
                0x20003738                FLASH_WaitForLastOperation
 *fill*         0x2000375a        0x2 
 .text.FLASH_EraseSector
                0x2000375c       0x6c build/bootloader@MK3239@NoRTOS@release/libraries/STM32F4xx_Peripheral_Libraries.a(stm32f4xx_flash.o)
                0x2000375c                FLASH_EraseSector
 .text.FLASH_ProgramWord
                0x200037c8       0x3c build/bootloader@MK3239@NoRTOS@release/libraries/STM32F4xx_Peripheral_Libraries.a(stm32f4xx_flash.o)
                0x200037c8                FLASH_ProgramWord
 .text.FLASH_ProgramByte
                0x20003804       0x38 build/bootloader@MK3239@NoRTOS@release/libraries/STM32F4xx_Peripheral_Libraries.a(stm32f4xx_flash.o)
                0x20003804                FLASH_ProgramByte
 .text.GPIO_Init
                0x2000383c       0x84 build/bootloader@MK3239@NoRTOS@release/libraries/STM32F4xx_Peripheral_Libraries.a(stm32f4xx_gpio.o)
                0x2000383c                GPIO_Init
 .text.GPIO_PinAFConfig
                0x200038c0       0x24 build/bootloader@MK3239@NoRTOS@release/libraries/STM32F4xx_Peripheral_Libraries.a(stm32f4xx_gpio.o)
                0x200038c0                GPIO_PinAFConfig
 .text.IWDG_ReloadCounter
                0x200038e4       0x10 build/bootloader@MK3239@NoRTOS@release/libraries/STM32F4xx_Peripheral_Libraries.a(stm32f4xx_iwdg.o)
                0x200038e4                IWDG_ReloadCounter
 .text.PWR_EnterSTANDBYMode
                0x200038f4       0x20 build/bootloader@MK3239@NoRTOS@release/libraries/STM32F4xx_Peripheral_Libraries.a(stm32f4xx_pwr.o)
                0x200038f4                PWR_EnterSTANDBYMode
 .text.PWR_GetFlagStatus
                0x20003914       0x14 build/bootloader@MK3239@NoRTOS@release/libraries/STM32F4xx_Peripheral_Libraries.a(stm32f4xx_pwr.o)
                0x20003914                PWR_GetFlagStatus
 .text.PWR_ClearFlag
                0x20003928       0x10 build/bootloader@MK3239@NoRTOS@release/libraries/STM32F4xx_Peripheral_Libraries.a(stm32f4xx_pwr.o)
                0x20003928                PWR_ClearFlag
 .text.RCC_HSEConfig
                0x20003938       0x10 build/bootloader@MK3239@NoRTOS@release/libraries/STM32F4xx_Peripheral_Libraries.a(stm32f4xx_rcc.o)
                0x20003938                RCC_HSEConfig
 .text.RCC_PLLConfig
                0x20003948       0x28 build/bootloader@MK3239@NoRTOS@release/libraries/STM32F4xx_Peripheral_Libraries.a(stm32f4xx_rcc.o)
                0x20003948                RCC_PLLConfig
 .text.RCC_PLLCmd
                0x20003970        0xc build/bootloader@MK3239@NoRTOS@release/libraries/STM32F4xx_Peripheral_Libraries.a(stm32f4xx_rcc.o)
                0x20003970                RCC_PLLCmd
 .text.RCC_SYSCLKConfig
                0x2000397c       0x14 build/bootloader@MK3239@NoRTOS@release/libraries/STM32F4xx_Peripheral_Libraries.a(stm32f4xx_rcc.o)
                0x2000397c                RCC_SYSCLKConfig
 .text.RCC_GetSYSCLKSource
                0x20003990       0x10 build/bootloader@MK3239@NoRTOS@release/libraries/STM32F4xx_Peripheral_Libraries.a(stm32f4xx_rcc.o)
                0x20003990                RCC_GetSYSCLKSource
 .text.RCC_HCLKConfig
                0x200039a0       0x14 build/bootloader@MK3239@NoRTOS@release/libraries/STM32F4xx_Peripheral_Libraries.a(stm32f4xx_rcc.o)
                0x200039a0                RCC_HCLKConfig
 .text.RCC_PCLK1Config
                0x200039b4       0x14 build/bootloader@MK3239@NoRTOS@release/libraries/STM32F4xx_Peripheral_Libraries.a(stm32f4xx_rcc.o)
                0x200039b4                RCC_PCLK1Config
 .text.RCC_PCLK2Config
                0x200039c8       0x14 build/bootloader@MK3239@NoRTOS@release/libraries/STM32F4xx_Peripheral_Libraries.a(stm32f4xx_rcc.o)
                0x200039c8                RCC_PCLK2Config
 .text.RCC_GetClocksFreq
                0x200039dc       0xc4 build/bootloader@MK3239@NoRTOS@release/libraries/STM32F4xx_Peripheral_Libraries.a(stm32f4xx_rcc.o)
                0x200039dc                RCC_GetClocksFreq
 .text.RCC_AHB3PeriphClockCmd
                0x20003aa0       0x18 build/bootloader@MK3239@NoRTOS@release/libraries/STM32F4xx_Peripheral_Libraries.a(stm32f4xx_rcc.o)
                0x20003aa0                RCC_AHB3PeriphClockCmd
 .text.RCC_APB1PeriphClockCmd
                0x20003ab8       0x18 build/bootloader@MK3239@NoRTOS@release/libraries/STM32F4xx_Peripheral_Libraries.a(stm32f4xx_rcc.o)
                0x20003ab8                RCC_APB1PeriphClockCmd
 .text.RCC_APB2PeriphClockCmd
                0x20003ad0       0x18 build/bootloader@MK3239@NoRTOS@release/libraries/STM32F4xx_Peripheral_Libraries.a(stm32f4xx_rcc.o)
                0x20003ad0                RCC_APB2PeriphClockCmd
 .text.RCC_APB1PeriphResetCmd
                0x20003ae8       0x18 build/bootloader@MK3239@NoRTOS@release/libraries/STM32F4xx_Peripheral_Libraries.a(stm32f4xx_rcc.o)
                0x20003ae8                RCC_APB1PeriphResetCmd
 .text.RCC_APB2PeriphResetCmd
                0x20003b00       0x18 build/bootloader@MK3239@NoRTOS@release/libraries/STM32F4xx_Peripheral_Libraries.a(stm32f4xx_rcc.o)
                0x20003b00                RCC_APB2PeriphResetCmd
 .text.RCC_GetFlagStatus
                0x20003b18       0x28 build/bootloader@MK3239@NoRTOS@release/libraries/STM32F4xx_Peripheral_Libraries.a(stm32f4xx_rcc.o)
                0x20003b18                RCC_GetFlagStatus
 .text.RCC_WaitForHSEStartUp
                0x20003b40       0x30 build/bootloader@MK3239@NoRTOS@release/libraries/STM32F4xx_Peripheral_Libraries.a(stm32f4xx_rcc.o)
                0x20003b40                RCC_WaitForHSEStartUp
 .text.RCC_ClearFlag
                0x20003b70       0x10 build/bootloader@MK3239@NoRTOS@release/libraries/STM32F4xx_Peripheral_Libraries.a(stm32f4xx_rcc.o)
                0x20003b70                RCC_ClearFlag
 .text.SYSCFG_EXTILineConfig
                0x20003b80       0x2a build/bootloader@MK3239@NoRTOS@release/libraries/STM32F4xx_Peripheral_Libraries.a(stm32f4xx_syscfg.o)
                0x20003b80                SYSCFG_EXTILineConfig
 .text.TIM_GetCapture4
                0x20003baa        0x4 build/bootloader@MK3239@NoRTOS@release/libraries/STM32F4xx_Peripheral_Libraries.a(stm32f4xx_tim.o)
                0x20003baa                TIM_GetCapture4
 .text.TIM_GetITStatus
                0x20003bae       0x16 build/bootloader@MK3239@NoRTOS@release/libraries/STM32F4xx_Peripheral_Libraries.a(stm32f4xx_tim.o)
                0x20003bae                TIM_GetITStatus
 .text.TIM_ClearITPendingBit
                0x20003bc4        0x8 build/bootloader@MK3239@NoRTOS@release/libraries/STM32F4xx_Peripheral_Libraries.a(stm32f4xx_tim.o)
                0x20003bc4                TIM_ClearITPendingBit
 .text.USART_DeInit
                0x20003bcc       0xe8 build/bootloader@MK3239@NoRTOS@release/libraries/STM32F4xx_Peripheral_Libraries.a(stm32f4xx_usart.o)
                0x20003bcc                USART_DeInit
 .text.USART_Init
                0x20003cb4       0xb0 build/bootloader@MK3239@NoRTOS@release/libraries/STM32F4xx_Peripheral_Libraries.a(stm32f4xx_usart.o)
                0x20003cb4                USART_Init
 .text.USART_Cmd
                0x20003d64       0x18 build/bootloader@MK3239@NoRTOS@release/libraries/STM32F4xx_Peripheral_Libraries.a(stm32f4xx_usart.o)
                0x20003d64                USART_Cmd
 .text.USART_DMACmd
                0x20003d7c       0x12 build/bootloader@MK3239@NoRTOS@release/libraries/STM32F4xx_Peripheral_Libraries.a(stm32f4xx_usart.o)
                0x20003d7c                USART_DMACmd
 .text.USART_ITConfig
                0x20003d8e       0x30 build/bootloader@MK3239@NoRTOS@release/libraries/STM32F4xx_Peripheral_Libraries.a(stm32f4xx_usart.o)
                0x20003d8e                USART_ITConfig
 .text.USART_ClearFlag
                0x20003dbe        0x8 build/bootloader@MK3239@NoRTOS@release/libraries/STM32F4xx_Peripheral_Libraries.a(stm32f4xx_usart.o)
                0x20003dbe                USART_ClearFlag
 .text.USART_ClearITPendingBit
                0x20003dc6       0x10 build/bootloader@MK3239@NoRTOS@release/libraries/STM32F4xx_Peripheral_Libraries.a(stm32f4xx_usart.o)
                0x20003dc6                USART_ClearITPendingBit
 .text.QSPI_StructInit
                0x20003dd6       0x12 build/bootloader@MK3239@NoRTOS@release/libraries/STM32F4xx_Peripheral_Libraries.a(stm32f4xx_qspi.o)
                0x20003dd6                QSPI_StructInit
 .text.QSPI_ComConfig_StructInit
                0x20003de8       0x1c build/bootloader@MK3239@NoRTOS@release/libraries/STM32F4xx_Peripheral_Libraries.a(stm32f4xx_qspi.o)
                0x20003de8                QSPI_ComConfig_StructInit
 .text.QSPI_Init
                0x20003e04       0x44 build/bootloader@MK3239@NoRTOS@release/libraries/STM32F4xx_Peripheral_Libraries.a(stm32f4xx_qspi.o)
                0x20003e04                QSPI_Init
 .text.QSPI_ComConfig_Init
                0x20003e48       0x48 build/bootloader@MK3239@NoRTOS@release/libraries/STM32F4xx_Peripheral_Libraries.a(stm32f4xx_qspi.o)
                0x20003e48                QSPI_ComConfig_Init
 .text.QSPI_Cmd
                0x20003e90       0x18 build/bootloader@MK3239@NoRTOS@release/libraries/STM32F4xx_Peripheral_Libraries.a(stm32f4xx_qspi.o)
                0x20003e90                QSPI_Cmd
 .text.QSPI_AutoPollingMode_Config
                0x20003ea8       0x28 build/bootloader@MK3239@NoRTOS@release/libraries/STM32F4xx_Peripheral_Libraries.a(stm32f4xx_qspi.o)
                0x20003ea8                QSPI_AutoPollingMode_Config
 .text.QSPI_AutoPollingMode_SetInterval
                0x20003ed0       0x18 build/bootloader@MK3239@NoRTOS@release/libraries/STM32F4xx_Peripheral_Libraries.a(stm32f4xx_qspi.o)
                0x20003ed0                QSPI_AutoPollingMode_SetInterval
 .text.QSPI_MemoryMappedMode_SetTimeout
                0x20003ee8       0x18 build/bootloader@MK3239@NoRTOS@release/libraries/STM32F4xx_Peripheral_Libraries.a(stm32f4xx_qspi.o)
                0x20003ee8                QSPI_MemoryMappedMode_SetTimeout
 .text.QSPI_SetAddress
                0x20003f00       0x10 build/bootloader@MK3239@NoRTOS@release/libraries/STM32F4xx_Peripheral_Libraries.a(stm32f4xx_qspi.o)
                0x20003f00                QSPI_SetAddress
 .text.QSPI_SetDataLength
                0x20003f10       0x10 build/bootloader@MK3239@NoRTOS@release/libraries/STM32F4xx_Peripheral_Libraries.a(stm32f4xx_qspi.o)
                0x20003f10                QSPI_SetDataLength
 .text.QSPI_TimeoutCounterCmd
                0x20003f20       0x20 build/bootloader@MK3239@NoRTOS@release/libraries/STM32F4xx_Peripheral_Libraries.a(stm32f4xx_qspi.o)
                0x20003f20                QSPI_TimeoutCounterCmd
 .text.QSPI_AutoPollingModeStopCmd
                0x20003f40       0x20 build/bootloader@MK3239@NoRTOS@release/libraries/STM32F4xx_Peripheral_Libraries.a(stm32f4xx_qspi.o)
                0x20003f40                QSPI_AutoPollingModeStopCmd
 .text.QSPI_AbortRequest
                0x20003f60       0x10 build/bootloader@MK3239@NoRTOS@release/libraries/STM32F4xx_Peripheral_Libraries.a(stm32f4xx_qspi.o)
                0x20003f60                QSPI_AbortRequest
 .text.QSPI_SendData8
                0x20003f70        0xc build/bootloader@MK3239@NoRTOS@release/libraries/STM32F4xx_Peripheral_Libraries.a(stm32f4xx_qspi.o)
                0x20003f70                QSPI_SendData8
 .text.QSPI_GetFlagStatus
                0x20003f7c       0x14 build/bootloader@MK3239@NoRTOS@release/libraries/STM32F4xx_Peripheral_Libraries.a(stm32f4xx_qspi.o)
                0x20003f7c                QSPI_GetFlagStatus
 .text.QSPI_ClearFlag
                0x20003f90        0xc build/bootloader@MK3239@NoRTOS@release/libraries/STM32F4xx_Peripheral_Libraries.a(stm32f4xx_qspi.o)
                0x20003f90                QSPI_ClearFlag
 .text.semaphore_pool_alloc
                0x20003f9c       0x4c build/bootloader@MK3239@NoRTOS@release/libraries/NoRTOS.a(rtos.o)
                0x20003f9c                semaphore_pool_alloc
 .text.mutex_pool_alloc
                0x20003fe8       0x4c build/bootloader@MK3239@NoRTOS@release/libraries/NoRTOS.a(rtos.o)
                0x20003fe8                mutex_pool_alloc
 .text.mico_rtos_init_semaphore
                0x20004034       0x16 build/bootloader@MK3239@NoRTOS@release/libraries/NoRTOS.a(rtos.o)
                0x20004034                mico_rtos_init_semaphore
 *fill*         0x2000404a        0x2 
 .text.mico_rtos_get_semaphore
                0x2000404c       0x40 build/bootloader@MK3239@NoRTOS@release/libraries/NoRTOS.a(rtos.o)
                0x2000404c                mico_rtos_get_semaphore
 .text.mico_rtos_set_semaphore
                0x2000408c       0x1c build/bootloader@MK3239@NoRTOS@release/libraries/NoRTOS.a(rtos.o)
                0x2000408c                mico_rtos_set_semaphore
 .text.mico_rtos_init_mutex
                0x200040a8       0x16 build/bootloader@MK3239@NoRTOS@release/libraries/NoRTOS.a(rtos.o)
                0x200040a8                mico_rtos_init_mutex
 .text.mico_rtos_lock_mutex
                0x200040be        0x4 build/bootloader@MK3239@NoRTOS@release/libraries/NoRTOS.a(rtos.o)
                0x200040be                mico_rtos_lock_mutex
 .text.mico_rtos_unlock_mutex
                0x200040c2        0x4 build/bootloader@MK3239@NoRTOS@release/libraries/NoRTOS.a(rtos.o)
                0x200040c2                mico_rtos_unlock_mutex
 .text.mico_rtos_get_time
                0x200040c6        0x4 build/bootloader@MK3239@NoRTOS@release/libraries/NoRTOS.a(rtos.o)
                0x200040c6                mico_rtos_get_time
 *fill*         0x200040ca        0x2 
 .text.mico_init_timer
                0x200040cc        0x8 build/bootloader@MK3239@NoRTOS@release/libraries/NoRTOS.a(rtos.o)
                0x200040cc                mico_init_timer
 .text.mico_start_timer
                0x200040d4        0x8 build/bootloader@MK3239@NoRTOS@release/libraries/NoRTOS.a(rtos.o)
                0x200040d4                mico_start_timer
 .text.mico_stop_timer
                0x200040dc        0x8 build/bootloader@MK3239@NoRTOS@release/libraries/NoRTOS.a(rtos.o)
                0x200040dc                mico_stop_timer
 .text.ring_buffer_init
                0x200040e4        0xe build/bootloader@MK3239@NoRTOS@release/libraries/Lib_Utilities.a(RingBufferUtils.o)
                0x200040e4                ring_buffer_init
 .text.ring_buffer_used_space
                0x200040f2       0x14 build/bootloader@MK3239@NoRTOS@release/libraries/Lib_Utilities.a(RingBufferUtils.o)
                0x200040f2                ring_buffer_used_space
 .text.ring_buffer_get_data
                0x20004106       0x26 build/bootloader@MK3239@NoRTOS@release/libraries/Lib_Utilities.a(RingBufferUtils.o)
                0x20004106                ring_buffer_get_data
 .text.ring_buffer_consume
                0x2000412c       0x14 build/bootloader@MK3239@NoRTOS@release/libraries/Lib_Utilities.a(RingBufferUtils.o)
                0x2000412c                ring_buffer_consume
 .text.__errno  0x20004140        0xc c:/users/zhuyu/documents/mico_sdk/mico_a_v3.2.0/micoder/compiler/arm-none-eabi-5_4-2016q2-20160622/win32/bin/../lib/gcc/arm-none-eabi/5.4.1/../../../../arm-none-eabi/lib/armv7e-m\libc_nano.a(lib_a-errno.o)
                0x20004140                __errno
 .text.__sflush_r
                0x2000414c      0x110 c:/users/zhuyu/documents/mico_sdk/mico_a_v3.2.0/micoder/compiler/arm-none-eabi-5_4-2016q2-20160622/win32/bin/../lib/gcc/arm-none-eabi/5.4.1/../../../../arm-none-eabi/lib/armv7e-m\libc_nano.a(lib_a-fflush.o)
                0x2000414c                __sflush_r
 .text._fflush_r
                0x2000425c       0x54 c:/users/zhuyu/documents/mico_sdk/mico_a_v3.2.0/micoder/compiler/arm-none-eabi-5_4-2016q2-20160622/win32/bin/../lib/gcc/arm-none-eabi/5.4.1/../../../../arm-none-eabi/lib/armv7e-m\libc_nano.a(lib_a-fflush.o)
                0x2000425c                _fflush_r
 .text.fflush   0x200042b0       0x24 c:/users/zhuyu/documents/mico_sdk/mico_a_v3.2.0/micoder/compiler/arm-none-eabi-5_4-2016q2-20160622/win32/bin/../lib/gcc/arm-none-eabi/5.4.1/../../../../arm-none-eabi/lib/armv7e-m\libc_nano.a(lib_a-fflush.o)
                0x200042b0                fflush
 .text._cleanup_r
                0x200042d4        0xc c:/users/zhuyu/documents/mico_sdk/mico_a_v3.2.0/micoder/compiler/arm-none-eabi-5_4-2016q2-20160622/win32/bin/../lib/gcc/arm-none-eabi/5.4.1/../../../../arm-none-eabi/lib/armv7e-m\libc_nano.a(lib_a-findfp.o)
                0x200042d4                _cleanup_r
 .text.std.isra.0
                0x200042e0       0x48 c:/users/zhuyu/documents/mico_sdk/mico_a_v3.2.0/micoder/compiler/arm-none-eabi-5_4-2016q2-20160622/win32/bin/../lib/gcc/arm-none-eabi/5.4.1/../../../../arm-none-eabi/lib/armv7e-m\libc_nano.a(lib_a-findfp.o)
 .text.__sfmoreglue
                0x20004328       0x2c c:/users/zhuyu/documents/mico_sdk/mico_a_v3.2.0/micoder/compiler/arm-none-eabi-5_4-2016q2-20160622/win32/bin/../lib/gcc/arm-none-eabi/5.4.1/../../../../arm-none-eabi/lib/armv7e-m\libc_nano.a(lib_a-findfp.o)
                0x20004328                __sfmoreglue
 .text.__sinit  0x20004354       0x60 c:/users/zhuyu/documents/mico_sdk/mico_a_v3.2.0/micoder/compiler/arm-none-eabi-5_4-2016q2-20160622/win32/bin/../lib/gcc/arm-none-eabi/5.4.1/../../../../arm-none-eabi/lib/armv7e-m\libc_nano.a(lib_a-findfp.o)
                0x20004354                __sinit
 .text.__sfp    0x200043b4       0x78 c:/users/zhuyu/documents/mico_sdk/mico_a_v3.2.0/micoder/compiler/arm-none-eabi-5_4-2016q2-20160622/win32/bin/../lib/gcc/arm-none-eabi/5.4.1/../../../../arm-none-eabi/lib/armv7e-m\libc_nano.a(lib_a-findfp.o)
                0x200043b4                __sfp
 .text._fwalk_reent
                0x2000442c       0x3c c:/users/zhuyu/documents/mico_sdk/mico_a_v3.2.0/micoder/compiler/arm-none-eabi-5_4-2016q2-20160622/win32/bin/../lib/gcc/arm-none-eabi/5.4.1/../../../../arm-none-eabi/lib/armv7e-m\libc_nano.a(lib_a-fwalk.o)
                0x2000442c                _fwalk_reent
 .text.memcmp   0x20004468       0x1e c:/users/zhuyu/documents/mico_sdk/mico_a_v3.2.0/micoder/compiler/arm-none-eabi-5_4-2016q2-20160622/win32/bin/../lib/gcc/arm-none-eabi/5.4.1/../../../../arm-none-eabi/lib/armv7e-m\libc_nano.a(lib_a-memcmp.o)
                0x20004468                memcmp
 .text.memcpy   0x20004486       0x16 c:/users/zhuyu/documents/mico_sdk/mico_a_v3.2.0/micoder/compiler/arm-none-eabi-5_4-2016q2-20160622/win32/bin/../lib/gcc/arm-none-eabi/5.4.1/../../../../arm-none-eabi/lib/armv7e-m\libc_nano.a(lib_a-memcpy-stub.o)
                0x20004486                memcpy
 .text.memmove  0x2000449c       0x36 c:/users/zhuyu/documents/mico_sdk/mico_a_v3.2.0/micoder/compiler/arm-none-eabi-5_4-2016q2-20160622/win32/bin/../lib/gcc/arm-none-eabi/5.4.1/../../../../arm-none-eabi/lib/armv7e-m\libc_nano.a(lib_a-memmove.o)
                0x2000449c                memmove
 .text.memset   0x200044d2       0x10 c:/users/zhuyu/documents/mico_sdk/mico_a_v3.2.0/micoder/compiler/arm-none-eabi-5_4-2016q2-20160622/win32/bin/../lib/gcc/arm-none-eabi/5.4.1/../../../../arm-none-eabi/lib/armv7e-m\libc_nano.a(lib_a-memset.o)
                0x200044d2                memset
 *fill*         0x200044e2        0x2 
 .text._free_r  0x200044e4       0x9c c:/users/zhuyu/documents/mico_sdk/mico_a_v3.2.0/micoder/compiler/arm-none-eabi-5_4-2016q2-20160622/win32/bin/../lib/gcc/arm-none-eabi/5.4.1/../../../../arm-none-eabi/lib/armv7e-m\libc_nano.a(lib_a-nano-freer.o)
                0x200044e4                _free_r
 .text._malloc_r
                0x20004580       0xbc c:/users/zhuyu/documents/mico_sdk/mico_a_v3.2.0/micoder/compiler/arm-none-eabi-5_4-2016q2-20160622/win32/bin/../lib/gcc/arm-none-eabi/5.4.1/../../../../arm-none-eabi/lib/armv7e-m\libc_nano.a(lib_a-nano-mallocr.o)
                0x20004580                _malloc_r
 .text.printf   0x2000463c       0x30 c:/users/zhuyu/documents/mico_sdk/mico_a_v3.2.0/micoder/compiler/arm-none-eabi-5_4-2016q2-20160622/win32/bin/../lib/gcc/arm-none-eabi/5.4.1/../../../../arm-none-eabi/lib/armv7e-m\libc_nano.a(lib_a-printf.o)
                0x2000463c                iprintf
                0x2000463c                printf
 .text.putchar  0x2000466c       0x28 c:/users/zhuyu/documents/mico_sdk/mico_a_v3.2.0/micoder/compiler/arm-none-eabi-5_4-2016q2-20160622/win32/bin/../lib/gcc/arm-none-eabi/5.4.1/../../../../arm-none-eabi/lib/armv7e-m\libc_nano.a(lib_a-putchar.o)
                0x2000466c                putchar
 .text._puts_r  0x20004694       0xb4 c:/users/zhuyu/documents/mico_sdk/mico_a_v3.2.0/micoder/compiler/arm-none-eabi-5_4-2016q2-20160622/win32/bin/../lib/gcc/arm-none-eabi/5.4.1/../../../../arm-none-eabi/lib/armv7e-m\libc_nano.a(lib_a-puts.o)
                0x20004694                _puts_r
 .text.puts     0x20004748       0x10 c:/users/zhuyu/documents/mico_sdk/mico_a_v3.2.0/micoder/compiler/arm-none-eabi-5_4-2016q2-20160622/win32/bin/../lib/gcc/arm-none-eabi/5.4.1/../../../../arm-none-eabi/lib/armv7e-m\libc_nano.a(lib_a-puts.o)
                0x20004748                puts
 .text._sbrk_r  0x20004758       0x20 c:/users/zhuyu/documents/mico_sdk/mico_a_v3.2.0/micoder/compiler/arm-none-eabi-5_4-2016q2-20160622/win32/bin/../lib/gcc/arm-none-eabi/5.4.1/../../../../arm-none-eabi/lib/armv7e-m\libc_nano.a(lib_a-sbrkr.o)
                0x20004758                _sbrk_r
 .text.snprintf
                0x20004778       0x64 c:/users/zhuyu/documents/mico_sdk/mico_a_v3.2.0/micoder/compiler/arm-none-eabi-5_4-2016q2-20160622/win32/bin/../lib/gcc/arm-none-eabi/5.4.1/../../../../arm-none-eabi/lib/armv7e-m\libc_nano.a(lib_a-snprintf.o)
                0x20004778                sniprintf
                0x20004778                snprintf
 .text.__sread  0x200047dc       0x22 c:/users/zhuyu/documents/mico_sdk/mico_a_v3.2.0/micoder/compiler/arm-none-eabi-5_4-2016q2-20160622/win32/bin/../lib/gcc/arm-none-eabi/5.4.1/../../../../arm-none-eabi/lib/armv7e-m\libc_nano.a(lib_a-stdio.o)
                0x200047dc                __sread
 .text.__swrite
                0x200047fe       0x38 c:/users/zhuyu/documents/mico_sdk/mico_a_v3.2.0/micoder/compiler/arm-none-eabi-5_4-2016q2-20160622/win32/bin/../lib/gcc/arm-none-eabi/5.4.1/../../../../arm-none-eabi/lib/armv7e-m\libc_nano.a(lib_a-stdio.o)
                0x200047fe                __swrite
 .text.__sseek  0x20004836       0x24 c:/users/zhuyu/documents/mico_sdk/mico_a_v3.2.0/micoder/compiler/arm-none-eabi-5_4-2016q2-20160622/win32/bin/../lib/gcc/arm-none-eabi/5.4.1/../../../../arm-none-eabi/lib/armv7e-m\libc_nano.a(lib_a-stdio.o)
                0x20004836                __sseek
 .text.__sclose
                0x2000485a        0x8 c:/users/zhuyu/documents/mico_sdk/mico_a_v3.2.0/micoder/compiler/arm-none-eabi-5_4-2016q2-20160622/win32/bin/../lib/gcc/arm-none-eabi/5.4.1/../../../../arm-none-eabi/lib/armv7e-m\libc_nano.a(lib_a-stdio.o)
                0x2000485a                __sclose
 .text          0x20004862       0x14 c:/users/zhuyu/documents/mico_sdk/mico_a_v3.2.0/micoder/compiler/arm-none-eabi-5_4-2016q2-20160622/win32/bin/../lib/gcc/arm-none-eabi/5.4.1/../../../../arm-none-eabi/lib/armv7e-m\libc_nano.a(lib_a-strcmp.o)
                0x20004862                strcmp
 .text.strncpy  0x20004876       0x26 c:/users/zhuyu/documents/mico_sdk/mico_a_v3.2.0/micoder/compiler/arm-none-eabi-5_4-2016q2-20160622/win32/bin/../lib/gcc/arm-none-eabi/5.4.1/../../../../arm-none-eabi/lib/armv7e-m\libc_nano.a(lib_a-strncpy.o)
                0x20004876                strncpy
 .text.__swbuf_r
                0x2000489c       0xa8 c:/users/zhuyu/documents/mico_sdk/mico_a_v3.2.0/micoder/compiler/arm-none-eabi-5_4-2016q2-20160622/win32/bin/../lib/gcc/arm-none-eabi/5.4.1/../../../../arm-none-eabi/lib/armv7e-m\libc_nano.a(lib_a-wbuf.o)
                0x2000489c                __swbuf_r
 .text._write_r
                0x20004944       0x24 c:/users/zhuyu/documents/mico_sdk/mico_a_v3.2.0/micoder/compiler/arm-none-eabi-5_4-2016q2-20160622/win32/bin/../lib/gcc/arm-none-eabi/5.4.1/../../../../arm-none-eabi/lib/armv7e-m\libc_nano.a(lib_a-writer.o)
                0x20004944                _write_r
 .text.__swsetup_r
                0x20004968       0xdc c:/users/zhuyu/documents/mico_sdk/mico_a_v3.2.0/micoder/compiler/arm-none-eabi-5_4-2016q2-20160622/win32/bin/../lib/gcc/arm-none-eabi/5.4.1/../../../../arm-none-eabi/lib/armv7e-m\libc_nano.a(lib_a-wsetup.o)
                0x20004968                __swsetup_r
 .text._close_r
                0x20004a44       0x20 c:/users/zhuyu/documents/mico_sdk/mico_a_v3.2.0/micoder/compiler/arm-none-eabi-5_4-2016q2-20160622/win32/bin/../lib/gcc/arm-none-eabi/5.4.1/../../../../arm-none-eabi/lib/armv7e-m\libc_nano.a(lib_a-closer.o)
                0x20004a44                _close_r
 .text._lseek_r
                0x20004a64       0x24 c:/users/zhuyu/documents/mico_sdk/mico_a_v3.2.0/micoder/compiler/arm-none-eabi-5_4-2016q2-20160622/win32/bin/../lib/gcc/arm-none-eabi/5.4.1/../../../../arm-none-eabi/lib/armv7e-m\libc_nano.a(lib_a-lseekr.o)
                0x20004a64                _lseek_r
 .text.__swhatbuf_r
                0x20004a88       0x46 c:/users/zhuyu/documents/mico_sdk/mico_a_v3.2.0/micoder/compiler/arm-none-eabi-5_4-2016q2-20160622/win32/bin/../lib/gcc/arm-none-eabi/5.4.1/../../../../arm-none-eabi/lib/armv7e-m\libc_nano.a(lib_a-makebuf.o)
                0x20004a88                __swhatbuf_r
 *fill*         0x20004ace        0x2 
 .text.__smakebuf_r
                0x20004ad0       0x78 c:/users/zhuyu/documents/mico_sdk/mico_a_v3.2.0/micoder/compiler/arm-none-eabi-5_4-2016q2-20160622/win32/bin/../lib/gcc/arm-none-eabi/5.4.1/../../../../arm-none-eabi/lib/armv7e-m\libc_nano.a(lib_a-makebuf.o)
                0x20004ad0                __smakebuf_r
 .text.__malloc_lock
                0x20004b48        0x2 c:/users/zhuyu/documents/mico_sdk/mico_a_v3.2.0/micoder/compiler/arm-none-eabi-5_4-2016q2-20160622/win32/bin/../lib/gcc/arm-none-eabi/5.4.1/../../../../arm-none-eabi/lib/armv7e-m\libc_nano.a(lib_a-mlock.o)
                0x20004b48                __malloc_lock
 .text.__malloc_unlock
                0x20004b4a        0x2 c:/users/zhuyu/documents/mico_sdk/mico_a_v3.2.0/micoder/compiler/arm-none-eabi-5_4-2016q2-20160622/win32/bin/../lib/gcc/arm-none-eabi/5.4.1/../../../../arm-none-eabi/lib/armv7e-m\libc_nano.a(lib_a-mlock.o)
                0x20004b4a                __malloc_unlock
 .text.__ssputs_r
                0x20004b4c       0xb2 c:/users/zhuyu/documents/mico_sdk/mico_a_v3.2.0/micoder/compiler/arm-none-eabi-5_4-2016q2-20160622/win32/bin/../lib/gcc/arm-none-eabi/5.4.1/../../../../arm-none-eabi/lib/armv7e-m\libc_nano.a(lib_a-nano-svfprintf.o)
                0x20004b4c                __ssputs_r
 *fill*         0x20004bfe        0x2 
 .text._svfprintf_r
                0x20004c00      0x1e8 c:/users/zhuyu/documents/mico_sdk/mico_a_v3.2.0/micoder/compiler/arm-none-eabi-5_4-2016q2-20160622/win32/bin/../lib/gcc/arm-none-eabi/5.4.1/../../../../arm-none-eabi/lib/armv7e-m\libc_nano.a(lib_a-nano-svfprintf.o)
                0x20004c00                _svfiprintf_r
                0x20004c00                _svfprintf_r
 .text.__sfputc_r
                0x20004de8       0x2c c:/users/zhuyu/documents/mico_sdk/mico_a_v3.2.0/micoder/compiler/arm-none-eabi-5_4-2016q2-20160622/win32/bin/../lib/gcc/arm-none-eabi/5.4.1/../../../../arm-none-eabi/lib/armv7e-m\libc_nano.a(lib_a-nano-vfprintf.o)
 .text.__sfputs_r
                0x20004e14       0x24 c:/users/zhuyu/documents/mico_sdk/mico_a_v3.2.0/micoder/compiler/arm-none-eabi-5_4-2016q2-20160622/win32/bin/../lib/gcc/arm-none-eabi/5.4.1/../../../../arm-none-eabi/lib/armv7e-m\libc_nano.a(lib_a-nano-vfprintf.o)
                0x20004e14                __sfputs_r
 .text._vfprintf_r
                0x20004e38      0x238 c:/users/zhuyu/documents/mico_sdk/mico_a_v3.2.0/micoder/compiler/arm-none-eabi-5_4-2016q2-20160622/win32/bin/../lib/gcc/arm-none-eabi/5.4.1/../../../../arm-none-eabi/lib/armv7e-m\libc_nano.a(lib_a-nano-vfprintf.o)
                0x20004e38                _vfprintf_r
                0x20004e38                _vfiprintf_r
 .text._printf_common
                0x20005070       0xec c:/users/zhuyu/documents/mico_sdk/mico_a_v3.2.0/micoder/compiler/arm-none-eabi-5_4-2016q2-20160622/win32/bin/../lib/gcc/arm-none-eabi/5.4.1/../../../../arm-none-eabi/lib/armv7e-m\libc_nano.a(lib_a-nano-vfprintf_i.o)
                0x20005070                _printf_common
 .text._printf_i
                0x2000515c      0x24c c:/users/zhuyu/documents/mico_sdk/mico_a_v3.2.0/micoder/compiler/arm-none-eabi-5_4-2016q2-20160622/win32/bin/../lib/gcc/arm-none-eabi/5.4.1/../../../../arm-none-eabi/lib/armv7e-m\libc_nano.a(lib_a-nano-vfprintf_i.o)
                0x2000515c                _printf_i
 .text._putc_r  0x200053a8       0x6c c:/users/zhuyu/documents/mico_sdk/mico_a_v3.2.0/micoder/compiler/arm-none-eabi-5_4-2016q2-20160622/win32/bin/../lib/gcc/arm-none-eabi/5.4.1/../../../../arm-none-eabi/lib/armv7e-m\libc_nano.a(lib_a-putc.o)
                0x200053a8                _putc_r
 .text._read_r  0x20005414       0x24 c:/users/zhuyu/documents/mico_sdk/mico_a_v3.2.0/micoder/compiler/arm-none-eabi-5_4-2016q2-20160622/win32/bin/../lib/gcc/arm-none-eabi/5.4.1/../../../../arm-none-eabi/lib/armv7e-m\libc_nano.a(lib_a-readr.o)
                0x20005414                _read_r
 .text._fstat_r
                0x20005438       0x24 c:/users/zhuyu/documents/mico_sdk/mico_a_v3.2.0/micoder/compiler/arm-none-eabi-5_4-2016q2-20160622/win32/bin/../lib/gcc/arm-none-eabi/5.4.1/../../../../arm-none-eabi/lib/armv7e-m\libc_nano.a(lib_a-fstatr.o)
                0x20005438                _fstat_r
 .text._isatty_r
                0x2000545c       0x20 c:/users/zhuyu/documents/mico_sdk/mico_a_v3.2.0/micoder/compiler/arm-none-eabi-5_4-2016q2-20160622/win32/bin/../lib/gcc/arm-none-eabi/5.4.1/../../../../arm-none-eabi/lib/armv7e-m\libc_nano.a(lib_a-isattyr.o)
                0x2000545c                _isatty_r
 *fill*         0x2000547c        0x4 
 .text          0x20005480       0xa0 c:/users/zhuyu/documents/mico_sdk/mico_a_v3.2.0/micoder/compiler/arm-none-eabi-5_4-2016q2-20160622/win32/bin/../lib/gcc/arm-none-eabi/5.4.1/../../../../arm-none-eabi/lib/armv7e-m\libc_nano.a(lib_a-memchr.o)
                0x20005480                memchr
 .text._realloc_r
                0x20005520       0x4c c:/users/zhuyu/documents/mico_sdk/mico_a_v3.2.0/micoder/compiler/arm-none-eabi-5_4-2016q2-20160622/win32/bin/../lib/gcc/arm-none-eabi/5.4.1/../../../../arm-none-eabi/lib/armv7e-m\libc_nano.a(lib_a-nano-reallocr.o)
                0x20005520                _realloc_r
 .text._malloc_usable_size_r
                0x2000556c       0x14 c:/users/zhuyu/documents/mico_sdk/mico_a_v3.2.0/micoder/compiler/arm-none-eabi-5_4-2016q2-20160622/win32/bin/../lib/gcc/arm-none-eabi/5.4.1/../../../../arm-none-eabi/lib/armv7e-m\libc_nano.a(lib_a-nano-msizer.o)
                0x2000556c                _malloc_usable_size_r
                0x20005580                link_code_end = .
                0x20005580                . = ALIGN (0x4)
                0x20005580                link_const_variable_data_location = .
 *(.rodata .rodata.* .gnu.linkonce.r.*)
 .rodata.str1.1
                0x20005580       0x13 build/bootloader@MK3239@NoRTOS@release/libraries/APP_bootloader.a(BootloaderEntrance.o)
 .rodata        0x20005593        0xb build/bootloader@MK3239@NoRTOS@release/libraries/APP_bootloader.a(menu.o)
 .rodata.str1.1
                0x2000559e      0x4b0 build/bootloader@MK3239@NoRTOS@release/libraries/APP_bootloader.a(menu.o)
                                0x4dc (size before relaxing)
 *fill*         0x20005a4e        0x2 
 .rodata.mico_partitions
                0x20005a50       0xa0 build/bootloader@MK3239@NoRTOS@release/libraries/Board_MiCOKit_3239.a(platform.o)
                0x20005a50                mico_partitions
 .rodata.wifi_control_pins
                0x20005af0       0x28 build/bootloader@MK3239@NoRTOS@release/libraries/Board_MiCOKit_3239.a(platform.o)
                0x20005af0                wifi_control_pins
 .rodata.platform_qspi_peripherals
                0x20005b18       0x48 build/bootloader@MK3239@NoRTOS@release/libraries/Board_MiCOKit_3239.a(platform.o)
                0x20005b18                platform_qspi_peripherals
 .rodata.str1.1
                0x20005b60       0x59 build/bootloader@MK3239@NoRTOS@release/libraries/Board_MiCOKit_3239.a(platform.o)
 *fill*         0x20005bb9        0x3 
 .rodata.platform_uart_peripherals
                0x20005bbc       0x88 build/bootloader@MK3239@NoRTOS@release/libraries/Board_MiCOKit_3239.a(platform.o)
                0x20005bbc                platform_uart_peripherals
 .rodata.platform_gpio_pins
                0x20005c44      0x100 build/bootloader@MK3239@NoRTOS@release/libraries/Board_MiCOKit_3239.a(platform.o)
                0x20005c44                platform_gpio_pins
 .rodata.platform_flash_peripherals
                0x20005d44       0x20 build/bootloader@MK3239@NoRTOS@release/libraries/Board_MiCOKit_3239.a(platform.o)
                0x20005d44                platform_flash_peripherals
 .rodata.str1.1
                0x20005d64        0x9 build/bootloader@MK3239@NoRTOS@release/libraries/STM32F4xx.a(mico_platform_common.o)
                                 0x18 (size before relaxing)
 *fill*         0x20005d6d        0x3 
 .rodata.stdio_uart_config
                0x20005d70        0xc build/bootloader@MK3239@NoRTOS@release/libraries/STM32F4xx.a(platform_init.o)
 .rodata.gpio_peripheral_clocks
                0x20005d7c       0x20 build/bootloader@MK3239@NoRTOS@release/libraries/STM32F4xx_Peripheral_Drivers.a(platform_gpio.o)
                0x20005d7c                gpio_peripheral_clocks
 .rodata.uart_irq_vectors
                0x20005d9c        0x6 build/bootloader@MK3239@NoRTOS@release/libraries/STM32F4xx_Peripheral_Drivers.a(platform_uart.o)
 *fill*         0x20005da2        0x2 
 .rodata.uart_peripheral_clocks
                0x20005da4       0x18 build/bootloader@MK3239@NoRTOS@release/libraries/STM32F4xx_Peripheral_Drivers.a(platform_uart.o)
 .rodata.uart_peripheral_clock_functions
                0x20005dbc       0x18 build/bootloader@MK3239@NoRTOS@release/libraries/STM32F4xx_Peripheral_Drivers.a(platform_uart.o)
 .rodata.uart_alternate_functions
                0x20005dd4        0x6 build/bootloader@MK3239@NoRTOS@release/libraries/STM32F4xx_Peripheral_Drivers.a(platform_uart.o)
 .rodata._ctype_
                0x20005dda      0x101 c:/users/zhuyu/documents/mico_sdk/mico_a_v3.2.0/micoder/compiler/arm-none-eabi-5_4-2016q2-20160622/win32/bin/../lib/gcc/arm-none-eabi/5.4.1/../../../../arm-none-eabi/lib/armv7e-m\libc_nano.a(lib_a-ctype_.o)
                0x20005dda                _ctype_
 *fill*         0x20005edb        0x1 
 .rodata.__sf_fake_stdin
                0x20005edc       0x20 c:/users/zhuyu/documents/mico_sdk/mico_a_v3.2.0/micoder/compiler/arm-none-eabi-5_4-2016q2-20160622/win32/bin/../lib/gcc/arm-none-eabi/5.4.1/../../../../arm-none-eabi/lib/armv7e-m\libc_nano.a(lib_a-findfp.o)
                0x20005edc                __sf_fake_stdin
 .rodata.__sf_fake_stdout
                0x20005efc       0x20 c:/users/zhuyu/documents/mico_sdk/mico_a_v3.2.0/micoder/compiler/arm-none-eabi-5_4-2016q2-20160622/win32/bin/../lib/gcc/arm-none-eabi/5.4.1/../../../../arm-none-eabi/lib/armv7e-m\libc_nano.a(lib_a-findfp.o)
                0x20005efc                __sf_fake_stdout
 .rodata.__sf_fake_stderr
                0x20005f1c       0x20 c:/users/zhuyu/documents/mico_sdk/mico_a_v3.2.0/micoder/compiler/arm-none-eabi-5_4-2016q2-20160622/win32/bin/../lib/gcc/arm-none-eabi/5.4.1/../../../../arm-none-eabi/lib/armv7e-m\libc_nano.a(lib_a-findfp.o)
                0x20005f1c                __sf_fake_stderr
 .rodata.str1.1
                0x20005f3c        0x2 c:/users/zhuyu/documents/mico_sdk/mico_a_v3.2.0/micoder/compiler/arm-none-eabi-5_4-2016q2-20160622/win32/bin/../lib/gcc/arm-none-eabi/5.4.1/../../../../arm-none-eabi/lib/armv7e-m\libc_nano.a(lib_a-impure.o)
 *fill*         0x20005f3e        0x2 
 .rodata._global_impure_ptr
                0x20005f40        0x4 c:/users/zhuyu/documents/mico_sdk/mico_a_v3.2.0/micoder/compiler/arm-none-eabi-5_4-2016q2-20160622/win32/bin/../lib/gcc/arm-none-eabi/5.4.1/../../../../arm-none-eabi/lib/armv7e-m\libc_nano.a(lib_a-impure.o)
                0x20005f40                _global_impure_ptr
 .rodata.str1.1
                0x20005f44       0x11 c:/users/zhuyu/documents/mico_sdk/mico_a_v3.2.0/micoder/compiler/arm-none-eabi-5_4-2016q2-20160622/win32/bin/../lib/gcc/arm-none-eabi/5.4.1/../../../../arm-none-eabi/lib/armv7e-m\libc_nano.a(lib_a-nano-svfprintf.o)
 .rodata.str1.1
                0x20005f55       0x11 c:/users/zhuyu/documents/mico_sdk/mico_a_v3.2.0/micoder/compiler/arm-none-eabi-5_4-2016q2-20160622/win32/bin/../lib/gcc/arm-none-eabi/5.4.1/../../../../arm-none-eabi/lib/armv7e-m\libc_nano.a(lib_a-nano-vfprintf.o)
 .rodata.str1.1
                0x20005f55       0x22 c:/users/zhuyu/documents/mico_sdk/mico_a_v3.2.0/micoder/compiler/arm-none-eabi-5_4-2016q2-20160622/win32/bin/../lib/gcc/arm-none-eabi/5.4.1/../../../../arm-none-eabi/lib/armv7e-m\libc_nano.a(lib_a-nano-vfprintf_i.o)
                0x20005f77                link_const_variable_data_end = .
                0x20005f78                . = ALIGN (0x4)
 *fill*         0x20005f77        0x1 
                0x20005f78                link_constructors_location = .
 *(.preinit_array)
 *(.init_array)
 *crtbegin.o(.ctors)
 *(EXCLUDE_FILE(*crtend.o) .ctors)
 *(SORT(.ctors.*))
 *crtend.o(.ctors)
                0x20005f78                link_constructors_end = .
                0x20005f78                . = ALIGN (0x4)
                0x20005f78                link_destructors_location = .
 *crtbegin.o(.dtors)
 *(EXCLUDE_FILE(*crtend.o) .dtors)
 *(SORT(.dtors.*))
 *crtend.o(.dtors)
                0x20005f78                link_destructors_end = .
                0x20005f80                . = ALIGN (0x10)
 *fill*         0x20005f78        0x8 
                0x20005f80                link_run_from_ram_code_ram_end = .

.iplt           0x20005f80        0x0 load address 0x08006180
 .iplt          0x20005f80        0x0 build/bootloader@MK3239@NoRTOS@release/Modules/board/MK3239/wifi_nvram.o

.rel.dyn        0x20005f80        0x0 load address 0x08006180
 .rel.iplt      0x20005f80        0x0 build/bootloader@MK3239@NoRTOS@release/Modules/board/MK3239/wifi_nvram.o

.data           0x20005f80      0x4bc load address 0x08006180
                0x08006180                link_global_data_initial_values = LOADADDR (.data)
                0x20005f80                link_global_data_start = .
 *(.data*)
 .data.sbrk_heap_top
                0x20005f80        0x4 build/bootloader@MK3239@NoRTOS@release/Modules/platform/GCC/mem_newlib.o
 .data.menu     0x20005f84      0x3fa build/bootloader@MK3239@NoRTOS@release/libraries/APP_bootloader.a(BootloaderEntrance.o)
                0x20005f84                menu
 .data.ERROR_STR
                0x2000637e       0x12 build/bootloader@MK3239@NoRTOS@release/libraries/APP_bootloader.a(menu.o)
                0x2000637e                ERROR_STR
 .data.mico_bt_uart_driver
                0x20006390        0x4 build/bootloader@MK3239@NoRTOS@release/libraries/Board_MiCOKit_3239.a(platform.o)
                0x20006390                mico_bt_uart_driver
 .data.button_timeout_handler_array
                0x20006394       0x14 build/bootloader@MK3239@NoRTOS@release/libraries/Lib_gpio_button_MK3239.a(button.o)
                0x20006394                button_timeout_handler_array
 .data.button_irq_handler_array
                0x200063a8       0x14 build/bootloader@MK3239@NoRTOS@release/libraries/Lib_gpio_button_MK3239.a(button.o)
                0x200063a8                button_irq_handler_array
 .data.qspiaddr
                0x200063bc        0x4 build/bootloader@MK3239@NoRTOS@release/libraries/STM32F4xx_Peripheral_Drivers.a(platform_flash.o)
                0x200063bc                qspiaddr
 .data.SystemCoreClock
                0x200063c0        0x4 build/bootloader@MK3239@NoRTOS@release/libraries/STM32F4xx_Peripheral_Libraries.a(system_stm32f4xx.o)
                0x200063c0                SystemCoreClock
 .data.APBAHBPrescTable
                0x200063c4       0x10 build/bootloader@MK3239@NoRTOS@release/libraries/STM32F4xx_Peripheral_Libraries.a(stm32f4xx_rcc.o)
 .data.__ctype_ptr__
                0x200063d4        0x4 c:/users/zhuyu/documents/mico_sdk/mico_a_v3.2.0/micoder/compiler/arm-none-eabi-5_4-2016q2-20160622/win32/bin/../lib/gcc/arm-none-eabi/5.4.1/../../../../arm-none-eabi/lib/armv7e-m\libc_nano.a(lib_a-ctype_.o)
                0x200063d4                __ctype_ptr__
 .data.impure_data
                0x200063d8       0x60 c:/users/zhuyu/documents/mico_sdk/mico_a_v3.2.0/micoder/compiler/arm-none-eabi-5_4-2016q2-20160622/win32/bin/../lib/gcc/arm-none-eabi/5.4.1/../../../../arm-none-eabi/lib/armv7e-m\libc_nano.a(lib_a-impure.o)
 .data._impure_ptr
                0x20006438        0x4 c:/users/zhuyu/documents/mico_sdk/mico_a_v3.2.0/micoder/compiler/arm-none-eabi-5_4-2016q2-20160622/win32/bin/../lib/gcc/arm-none-eabi/5.4.1/../../../../arm-none-eabi/lib/armv7e-m\libc_nano.a(lib_a-impure.o)
                0x20006438                _impure_ptr
                0x2000643c                link_global_data_end = .
                0x2000643c                . = ALIGN (., 0x4)

.igot.plt       0x2000643c        0x0 load address 0x0800663c
 .igot.plt      0x2000643c        0x0 build/bootloader@MK3239@NoRTOS@release/Modules/board/MK3239/wifi_nvram.o

.bss            0x20006440     0x67e4
                0x20006440                link_bss_location = ALIGN (., 0x4)
 *(.bss*)
 .bss.FileName  0x20006440      0x100 build/bootloader@MK3239@NoRTOS@release/libraries/APP_bootloader.a(menu.o)
                0x20006440                FileName
 .bss.tab_1024  0x20006540      0x400 build/bootloader@MK3239@NoRTOS@release/libraries/APP_bootloader.a(menu.o)
                0x20006540                tab_1024
 .bss.newData   0x20006940     0x1000 build/bootloader@MK3239@NoRTOS@release/libraries/APP_bootloader.a(Update_for_OTA.o)
 .bss.data      0x20007940     0x1000 build/bootloader@MK3239@NoRTOS@release/libraries/APP_bootloader.a(Update_for_OTA.o)
 .bss.paraSaveInRam
                0x20008940     0x4000 build/bootloader@MK3239@NoRTOS@release/libraries/APP_bootloader.a(Update_for_OTA.o)
                0x20008940                paraSaveInRam
 .bss.platform_flash_drivers
                0x2000c940       0x18 build/bootloader@MK3239@NoRTOS@release/libraries/Board_MiCOKit_3239.a(platform.o)
                0x2000c940                platform_flash_drivers
 .bss.internal_bt_uart_driver
                0x2000c958       0x2c build/bootloader@MK3239@NoRTOS@release/libraries/Board_MiCOKit_3239.a(platform.o)
 .bss.platform_uart_drivers
                0x2000c984       0x58 build/bootloader@MK3239@NoRTOS@release/libraries/Board_MiCOKit_3239.a(platform.o)
                0x2000c984                platform_uart_drivers
 .bss.context   0x2000c9dc       0xa0 build/bootloader@MK3239@NoRTOS@release/libraries/Lib_gpio_button_MK3239.a(button.o)
 .bss.stdio_rx_data
                0x2000ca7c       0x40 build/bootloader@MK3239@NoRTOS@release/libraries/STM32F4xx.a(platform_init.o)
 .bss.no_os_tick
                0x2000cabc        0x4 build/bootloader@MK3239@NoRTOS@release/libraries/STM32F4xx.a(platform_init.o)
 .bss.stdio_rx_buffer
                0x2000cac0       0x10 build/bootloader@MK3239@NoRTOS@release/libraries/STM32F4xx.a(platform_init.o)
 .bss.nsclock_nsec
                0x2000cad0        0x8 build/bootloader@MK3239@NoRTOS@release/libraries/STM32F4xx.a(platform_nsclock.o)
 .bss.ns_divisor
                0x2000cad8        0x4 build/bootloader@MK3239@NoRTOS@release/libraries/STM32F4xx.a(platform_nsclock.o)
 .bss.prev_cycles
                0x2000cadc        0x4 build/bootloader@MK3239@NoRTOS@release/libraries/STM32F4xx.a(platform_nsclock.o)
 .bss.nsclock_sec
                0x2000cae0        0x4 build/bootloader@MK3239@NoRTOS@release/libraries/STM32F4xx.a(platform_nsclock.o)
 .bss.gpio_irq_data
                0x2000cae4       0xc0 build/bootloader@MK3239@NoRTOS@release/libraries/STM32F4xx_Peripheral_Drivers.a(platform_gpio.o)
 .bss.stm32f2_clock_needed_counter
                0x2000cba4        0x4 build/bootloader@MK3239@NoRTOS@release/libraries/STM32F4xx_Peripheral_Drivers.a(platform_mcu_powersave.o)
 .bss.sflash_handle
                0x2000cba8        0xc build/bootloader@MK3239@NoRTOS@release/libraries/STM32F4xx_Peripheral_Drivers.a(platform_flash.o)
 .bss.QSPI_ComConfig_InitStructure
                0x2000cbb4       0x30 build/bootloader@MK3239@NoRTOS@release/libraries/STM32F4xx_Peripheral_Drivers.a(platform_flash.o)
                0x2000cbb4                QSPI_ComConfig_InitStructure
 .bss.PeriodValue
                0x2000cbe4        0x4 build/bootloader@MK3239@NoRTOS@release/libraries/STM32F4xx_Peripheral_Drivers.a(platform_watchdog.o)
 .bss.CaptureNumber
                0x2000cbe8        0x4 build/bootloader@MK3239@NoRTOS@release/libraries/STM32F4xx_Peripheral_Drivers.a(platform_watchdog.o)
 .bss._measureLSIComplete_SEM
                0x2000cbec        0x4 build/bootloader@MK3239@NoRTOS@release/libraries/STM32F4xx_Peripheral_Drivers.a(platform_watchdog.o)
 .bss.tmpCC4    0x2000cbf0        0x4 build/bootloader@MK3239@NoRTOS@release/libraries/STM32F4xx_Peripheral_Drivers.a(platform_watchdog.o)
                0x2000cbf0                tmpCC4
 .bss.semaphore_pool
                0x2000cbf4       0x10 build/bootloader@MK3239@NoRTOS@release/libraries/NoRTOS.a(rtos.o)
                0x2000cbf4                semaphore_pool
 .bss.mutex_pool
                0x2000cc04       0x10 build/bootloader@MK3239@NoRTOS@release/libraries/NoRTOS.a(rtos.o)
                0x2000cc04                mutex_pool
 .bss.semaphore_pool_init
                0x2000cc14        0x1 build/bootloader@MK3239@NoRTOS@release/libraries/NoRTOS.a(rtos.o)
                0x2000cc14                semaphore_pool_init
 .bss.mutex_pool_init
                0x2000cc15        0x1 build/bootloader@MK3239@NoRTOS@release/libraries/NoRTOS.a(rtos.o)
                0x2000cc15                mutex_pool_init
 *fill*         0x2000cc16        0x2 
 .bss.__malloc_sbrk_start
                0x2000cc18        0x4 c:/users/zhuyu/documents/mico_sdk/mico_a_v3.2.0/micoder/compiler/arm-none-eabi-5_4-2016q2-20160622/win32/bin/../lib/gcc/arm-none-eabi/5.4.1/../../../../arm-none-eabi/lib/armv7e-m\libc_nano.a(lib_a-nano-mallocr.o)
                0x2000cc18                __malloc_sbrk_start
 .bss.__malloc_free_list
                0x2000cc1c        0x4 c:/users/zhuyu/documents/mico_sdk/mico_a_v3.2.0/micoder/compiler/arm-none-eabi-5_4-2016q2-20160622/win32/bin/../lib/gcc/arm-none-eabi/5.4.1/../../../../arm-none-eabi/lib/armv7e-m\libc_nano.a(lib_a-nano-mallocr.o)
                0x2000cc1c                __malloc_free_list
 *(COMMON)
 COMMON         0x2000cc20        0x4 c:/users/zhuyu/documents/mico_sdk/mico_a_v3.2.0/micoder/compiler/arm-none-eabi-5_4-2016q2-20160622/win32/bin/../lib/gcc/arm-none-eabi/5.4.1/../../../../arm-none-eabi/lib/armv7e-m\libc_nano.a(lib_a-reent.o)
                0x2000cc20                errno
                0x2000cc24                link_bss_end = .
                0x2000cc24                . = ALIGN (., 0x4)

.stack          0x2000cc24      0xfa0
                0x2000cc24                link_stack_location = ALIGN (., 0x4)
 *(.stack)
                0x2000dbc4                . = ALIGN (MAX ((link_stack_location + __STACKSIZE__), .), 0x4)
 *fill*         0x2000cc24      0xfa0 
                0x2000dbc4                link_stack_end = .

/DISCARD/
 *(.ARM.attributes*)
 *(.comment)
 *(.init)
 *(.preinit)
 *(.fini)
 *(.fini_array)
 *(.ARM.exidx*)
 *(.gnu.linkonce.armexidx.*)
 *(.eh_frame_hdr)
 *(.eh_frame)
 *(.gnu.linkonce.armextab.*)
 *(.v4_bx)
 *(.vfp11_veneer)
 *(.gcc_except_table)
 *(.eh_frame_hdr)
 *(.eh_frame)
 *(.glue*)
                0x2000dbc4                PROVIDE (_heap, link_stack_end)
                0x2003fff8                PROVIDE (_eheap, ALIGN (((ORIGIN (SRAM) + LENGTH (SRAM)) - 0x8), 0x8))
START GROUP
LOAD build/bootloader@MK3239@NoRTOS@release/Modules/board/MK3239/wifi_nvram.o
LOAD build/bootloader@MK3239@NoRTOS@release/Modules/./platform/MCU/STM32F4xx/../../Cortex-M4/crt0_GCC.o
LOAD build/bootloader@MK3239@NoRTOS@release/Modules/./platform/MCU/STM32F4xx/../../Cortex-M4/hardfault_handler.o
LOAD build/bootloader@MK3239@NoRTOS@release/Modules/./platform/MCU/STM32F4xx/platform_vector_table.o
LOAD build/bootloader@MK3239@NoRTOS@release/Modules/platform/GCC/mem_newlib.o
LOAD build/bootloader@MK3239@NoRTOS@release/Modules/platform/GCC/math_newlib.o
LOAD build/bootloader@MK3239@NoRTOS@release/Modules/platform/GCC/stdio_newlib.o
LOAD build/bootloader@MK3239@NoRTOS@release/Modules/platform/GCC/time_newlib.o
LOAD build/bootloader@MK3239@NoRTOS@release/Modules/platform/GCC/eabi.o
LOAD build/bootloader@MK3239@NoRTOS@release/libraries/APP_bootloader.a
LOAD build/bootloader@MK3239@NoRTOS@release/libraries/Board_MiCOKit_3239.a
LOAD build/bootloader@MK3239@NoRTOS@release/libraries/NoRTOS.a
LOAD build/bootloader@MK3239@NoRTOS@release/libraries/LwIP.a
LOAD build/bootloader@MK3239@NoRTOS@release/libraries/Lib_SPI_Flash_Library_MK3239.a
LOAD build/bootloader@MK3239@NoRTOS@release/libraries/Lib_gpio_button_MK3239.a
LOAD build/bootloader@MK3239@NoRTOS@release/libraries/Lib_MiCOKit_EXT_MK3239.a
LOAD build/bootloader@MK3239@NoRTOS@release/libraries/Lib_Utilities.a
LOAD build/bootloader@MK3239@NoRTOS@release/libraries/STM32F4xx.a
LOAD build/bootloader@MK3239@NoRTOS@release/libraries/Lib_VGM128064_MK3239.a
LOAD build/bootloader@MK3239@NoRTOS@release/libraries/Lib_dc_motor_MK3239.a
LOAD build/bootloader@MK3239@NoRTOS@release/libraries/Lib_RGB_P9813_MK3239.a
LOAD build/bootloader@MK3239@NoRTOS@release/libraries/Sensor_BME280_MK3239.a
LOAD build/bootloader@MK3239@NoRTOS@release/libraries/Sensor_DHT11_MK3239.a
LOAD build/bootloader@MK3239@NoRTOS@release/libraries/Sensor_APDS9930_MK3239.a
LOAD build/bootloader@MK3239@NoRTOS@release/libraries/Sensor_Light_adc_MK3239.a
LOAD build/bootloader@MK3239@NoRTOS@release/libraries/Sensor_Infrared_Reflective_MK3239.a
LOAD build/bootloader@MK3239@NoRTOS@release/libraries/Lib_JSON_C.a
LOAD build/bootloader@MK3239@NoRTOS@release/libraries/GCC.a
LOAD build/bootloader@MK3239@NoRTOS@release/libraries/STM32F4xx_Peripheral_Drivers.a
LOAD build/bootloader@MK3239@NoRTOS@release/libraries/STM32F4xx_Peripheral_Libraries.a
LOAD ./MiCO/Security/TLS/wolfSSL/Lib_wolfSSL.Cortex-M4.GCC.release.a
END GROUP
                0x00000fa0                __STACKSIZE__ = 0xfa0
LOAD c:/users/zhuyu/documents/mico_sdk/mico_a_v3.2.0/micoder/compiler/arm-none-eabi-5_4-2016q2-20160622/win32/bin/../lib/gcc/arm-none-eabi/5.4.1/../../../../arm-none-eabi/lib/armv7e-m\libstdc++_nano.a
LOAD c:/users/zhuyu/documents/mico_sdk/mico_a_v3.2.0/micoder/compiler/arm-none-eabi-5_4-2016q2-20160622/win32/bin/../lib/gcc/arm-none-eabi/5.4.1/../../../../arm-none-eabi/lib/armv7e-m\libm.a
START GROUP
LOAD c:/users/zhuyu/documents/mico_sdk/mico_a_v3.2.0/micoder/compiler/arm-none-eabi-5_4-2016q2-20160622/win32/bin/../lib/gcc/arm-none-eabi/5.4.1/armv7e-m\libgcc.a
LOAD c:/users/zhuyu/documents/mico_sdk/mico_a_v3.2.0/micoder/compiler/arm-none-eabi-5_4-2016q2-20160622/win32/bin/../lib/gcc/arm-none-eabi/5.4.1/../../../../arm-none-eabi/lib/armv7e-m\libc_nano.a
END GROUP
START GROUP
LOAD c:/users/zhuyu/documents/mico_sdk/mico_a_v3.2.0/micoder/compiler/arm-none-eabi-5_4-2016q2-20160622/win32/bin/../lib/gcc/arm-none-eabi/5.4.1/armv7e-m\libgcc.a
LOAD c:/users/zhuyu/documents/mico_sdk/mico_a_v3.2.0/micoder/compiler/arm-none-eabi-5_4-2016q2-20160622/win32/bin/../lib/gcc/arm-none-eabi/5.4.1/../../../../arm-none-eabi/lib/armv7e-m\libc_nano.a
END GROUP
OUTPUT(build/bootloader@MK3239@NoRTOS@release/binary/bootloader@MK3239@NoRTOS@release.elf elf32-littlearm)

.debug_info     0x00000000    0x1ceeb
 .debug_info    0x00000000      0x5ed build/bootloader@MK3239@NoRTOS@release/Modules/./platform/MCU/STM32F4xx/../../Cortex-M4/crt0_GCC.o
 .debug_info    0x000005ed       0xd0 build/bootloader@MK3239@NoRTOS@release/Modules/./platform/MCU/STM32F4xx/platform_vector_table.o
 .debug_info    0x000006bd      0x2e5 build/bootloader@MK3239@NoRTOS@release/Modules/platform/GCC/mem_newlib.o
 .debug_info    0x000009a2      0x4a5 build/bootloader@MK3239@NoRTOS@release/Modules/platform/GCC/stdio_newlib.o
 .debug_info    0x00000e47      0x54a build/bootloader@MK3239@NoRTOS@release/libraries/APP_bootloader.a(BootloaderEntrance.o)
 .debug_info    0x00001391     0x1911 build/bootloader@MK3239@NoRTOS@release/libraries/APP_bootloader.a(menu.o)
 .debug_info    0x00002ca2      0xbca build/bootloader@MK3239@NoRTOS@release/libraries/APP_bootloader.a(Update_for_OTA.o)
 .debug_info    0x0000386c      0xd6c build/bootloader@MK3239@NoRTOS@release/libraries/APP_bootloader.a(ymodem.o)
 .debug_info    0x000045d8      0x1e2 build/bootloader@MK3239@NoRTOS@release/libraries/APP_bootloader.a(Getline.o)
 .debug_info    0x000047ba     0x25d7 build/bootloader@MK3239@NoRTOS@release/libraries/Board_MiCOKit_3239.a(platform.o)
 .debug_info    0x00006d91      0x5b3 build/bootloader@MK3239@NoRTOS@release/libraries/Lib_gpio_button_MK3239.a(button.o)
 .debug_info    0x00007344     0x15a1 build/bootloader@MK3239@NoRTOS@release/libraries/Lib_Utilities.a(StringUtils.o)
 .debug_info    0x000088e5      0x372 build/bootloader@MK3239@NoRTOS@release/libraries/Lib_Utilities.a(CheckSumUtils.o)
 .debug_info    0x00008c57     0x354e build/bootloader@MK3239@NoRTOS@release/libraries/STM32F4xx.a(mico_platform_common.o)
 .debug_info    0x0000c1a5     0x135b build/bootloader@MK3239@NoRTOS@release/libraries/STM32F4xx.a(platform_init.o)
 .debug_info    0x0000d500      0x290 build/bootloader@MK3239@NoRTOS@release/libraries/STM32F4xx.a(platform_unhandled_isr.o)
 .debug_info    0x0000d790      0x3f2 build/bootloader@MK3239@NoRTOS@release/libraries/STM32F4xx.a(platform_nsclock.o)
 .debug_info    0x0000db82      0x5de build/bootloader@MK3239@NoRTOS@release/libraries/STM32F4xx.a(wlan_platform_common.o)
 .debug_info    0x0000e160      0x253 build/bootloader@MK3239@NoRTOS@release/libraries/Lib_dc_motor_MK3239.a(dc_motor.o)
 .debug_info    0x0000e3b3      0x457 build/bootloader@MK3239@NoRTOS@release/libraries/Lib_RGB_P9813_MK3239.a(rgb_led.o)
 .debug_info    0x0000e80a     0x136d build/bootloader@MK3239@NoRTOS@release/libraries/STM32F4xx_Peripheral_Drivers.a(platform_gpio.o)
 .debug_info    0x0000fb77     0x109e build/bootloader@MK3239@NoRTOS@release/libraries/STM32F4xx_Peripheral_Drivers.a(platform_mcu_powersave.o)
 .debug_info    0x00010c15     0x1dd7 build/bootloader@MK3239@NoRTOS@release/libraries/STM32F4xx_Peripheral_Drivers.a(platform_flash.o)
 .debug_info    0x000129ec     0x198a build/bootloader@MK3239@NoRTOS@release/libraries/STM32F4xx_Peripheral_Drivers.a(platform_uart.o)
 .debug_info    0x00014376      0xcc7 build/bootloader@MK3239@NoRTOS@release/libraries/STM32F4xx_Peripheral_Drivers.a(platform_watchdog.o)
 .debug_info    0x0001503d      0x63f build/bootloader@MK3239@NoRTOS@release/libraries/STM32F4xx_Peripheral_Libraries.a(system_stm32f4xx.o)
 .debug_info    0x0001567c      0x55e build/bootloader@MK3239@NoRTOS@release/libraries/STM32F4xx_Peripheral_Libraries.a(misc.o)
 .debug_info    0x00015bda      0x700 build/bootloader@MK3239@NoRTOS@release/libraries/STM32F4xx_Peripheral_Libraries.a(stm32f4xx_dma.o)
 .debug_info    0x000162da      0x303 build/bootloader@MK3239@NoRTOS@release/libraries/STM32F4xx_Peripheral_Libraries.a(stm32f4xx_exti.o)
 .debug_info    0x000165dd      0x9e6 build/bootloader@MK3239@NoRTOS@release/libraries/STM32F4xx_Peripheral_Libraries.a(stm32f4xx_flash.o)
 .debug_info    0x00016fc3      0x746 build/bootloader@MK3239@NoRTOS@release/libraries/STM32F4xx_Peripheral_Libraries.a(stm32f4xx_gpio.o)
 .debug_info    0x00017709      0x211 build/bootloader@MK3239@NoRTOS@release/libraries/STM32F4xx_Peripheral_Libraries.a(stm32f4xx_iwdg.o)
 .debug_info    0x0001791a      0x625 build/bootloader@MK3239@NoRTOS@release/libraries/STM32F4xx_Peripheral_Libraries.a(stm32f4xx_pwr.o)
 .debug_info    0x00017f3f      0xf2f build/bootloader@MK3239@NoRTOS@release/libraries/STM32F4xx_Peripheral_Libraries.a(stm32f4xx_rcc.o)
 .debug_info    0x00018e6e      0x329 build/bootloader@MK3239@NoRTOS@release/libraries/STM32F4xx_Peripheral_Libraries.a(stm32f4xx_syscfg.o)
 .debug_info    0x00019197     0x1fc6 build/bootloader@MK3239@NoRTOS@release/libraries/STM32F4xx_Peripheral_Libraries.a(stm32f4xx_tim.o)
 .debug_info    0x0001b15d      0xae1 build/bootloader@MK3239@NoRTOS@release/libraries/STM32F4xx_Peripheral_Libraries.a(stm32f4xx_usart.o)
 .debug_info    0x0001bc3e      0x875 build/bootloader@MK3239@NoRTOS@release/libraries/STM32F4xx_Peripheral_Libraries.a(stm32f4xx_qspi.o)
 .debug_info    0x0001c4b3      0x6d8 build/bootloader@MK3239@NoRTOS@release/libraries/NoRTOS.a(rtos.o)
 .debug_info    0x0001cb8b      0x360 build/bootloader@MK3239@NoRTOS@release/libraries/Lib_Utilities.a(RingBufferUtils.o)

.debug_abbrev   0x00000000     0x512f
 .debug_abbrev  0x00000000      0x1c1 build/bootloader@MK3239@NoRTOS@release/Modules/./platform/MCU/STM32F4xx/../../Cortex-M4/crt0_GCC.o
 .debug_abbrev  0x000001c1       0x6e build/bootloader@MK3239@NoRTOS@release/Modules/./platform/MCU/STM32F4xx/platform_vector_table.o
 .debug_abbrev  0x0000022f      0x15d build/bootloader@MK3239@NoRTOS@release/Modules/platform/GCC/mem_newlib.o
 .debug_abbrev  0x0000038c      0x134 build/bootloader@MK3239@NoRTOS@release/Modules/platform/GCC/stdio_newlib.o
 .debug_abbrev  0x000004c0      0x1dc build/bootloader@MK3239@NoRTOS@release/libraries/APP_bootloader.a(BootloaderEntrance.o)
 .debug_abbrev  0x0000069c      0x392 build/bootloader@MK3239@NoRTOS@release/libraries/APP_bootloader.a(menu.o)
 .debug_abbrev  0x00000a2e      0x285 build/bootloader@MK3239@NoRTOS@release/libraries/APP_bootloader.a(Update_for_OTA.o)
 .debug_abbrev  0x00000cb3      0x2c9 build/bootloader@MK3239@NoRTOS@release/libraries/APP_bootloader.a(ymodem.o)
 .debug_abbrev  0x00000f7c      0x11e build/bootloader@MK3239@NoRTOS@release/libraries/APP_bootloader.a(Getline.o)
 .debug_abbrev  0x0000109a      0x2bc build/bootloader@MK3239@NoRTOS@release/libraries/Board_MiCOKit_3239.a(platform.o)
 .debug_abbrev  0x00001356      0x236 build/bootloader@MK3239@NoRTOS@release/libraries/Lib_gpio_button_MK3239.a(button.o)
 .debug_abbrev  0x0000158c      0x2a9 build/bootloader@MK3239@NoRTOS@release/libraries/Lib_Utilities.a(StringUtils.o)
 .debug_abbrev  0x00001835      0x118 build/bootloader@MK3239@NoRTOS@release/libraries/Lib_Utilities.a(CheckSumUtils.o)
 .debug_abbrev  0x0000194d      0x394 build/bootloader@MK3239@NoRTOS@release/libraries/STM32F4xx.a(mico_platform_common.o)
 .debug_abbrev  0x00001ce1      0x3a9 build/bootloader@MK3239@NoRTOS@release/libraries/STM32F4xx.a(platform_init.o)
 .debug_abbrev  0x0000208a       0xca build/bootloader@MK3239@NoRTOS@release/libraries/STM32F4xx.a(platform_unhandled_isr.o)